<html>
<body>
<pre>
<h1>礦ision Build Log</h1>
<h2>Tool Versions:</h2>
IDE-Version: μVision V5.25.2.0
Copyright (C) 2018 ARM Ltd and ARM Germany GmbH. All rights reserved.
License Information: Administrator,  , LIC=GMZCX-HTB93-Y7XRW-QC4RL-NQ06N-L00A2
 
Tool Versions:
Toolchain:       MDK-ARM Plus  Version: 5.25.2.0
Toolchain Path:  D:\MDK525\ARM\ARMCC\Bin
C Compiler:      Armcc.exe V5.06 update 6 (build 750)
Assembler:       Armasm.exe V5.06 update 6 (build 750)
Linker/Locator:  ArmLink.exe V5.06 update 6 (build 750)
Library Manager: ArmAr.exe V5.06 update 6 (build 750)
Hex Converter:   FromElf.exe V5.06 update 6 (build 750)
CPU DLL:         SARMCM3.DLL V5.25.2.0
Dialog DLL:      DCM.DLL V1.17.1.0
Target DLL:      Segger\JL2CM3.dll V2.99.29.0
Dialog DLL:      TCM.DLL V1.35.1.0
 
<h2>Project:</h2>
F:\Mryang\STM32F429_获取天气()\【】红龙429_获取天气()\Weather.uvproj
Project File Date:  11/15/2018

<h2>Output:</h2>
*** Using Compiler 'V5.06 update 6 (build 750)', folder: 'D:\MDK525\ARM\ARMCC\Bin'
Build target 'Weather'
assembling startup_stm32f429_439xx.s...
compiling stm32f4xx_syscfg.c...
compiling system_stm32f4xx.c...
compiling misc.c...
compiling stm32f4xx_dma.c...
compiling stm32f4xx_exti.c...
compiling stm32f4xx_gpio.c...
compiling stm32f4xx_dbgmcu.c...
compiling stm32f4xx_cryp.c...
compiling stm32f4xx_pwr.c...
compiling stm32f4xx_crc.c...
compiling stm32f4xx_flash.c...
compiling stm32f4xx_usart.c...
compiling stm32f4xx_sdio.c...
compiling stm32f4xx_rcc.c...
compiling stm32f4xx_tim.c...
compiling fonts_hz16.c...
compiling fonts_hz24.c...
Driver\fonts_hz24.c(76): warning:  #1-D: last line of file ends without a newline
   
Driver\fonts_hz24.c: 1 warning, 0 errors
compiling Gpio.c...
compiling delay.c...
compiling USART.c...
compiling stm32f4xx_spi.c...
compiling stm32f4xx_i2c.c...
compiling esp_function.c...
compiling stm32f4xx_ltdc.c...
compiling stm32f4xx_dma2d.c...
compiling stm32f429i_sdram.c...
compiling stm32f4xx_fmc.c...
compiling utf8togbk.c...
Driver\utf8togbk.c(1320): warning:  #550-D: variable "nLen"  was set but never used
  	int j = 0, nLen;
Driver\utf8togbk.c(1323): warning:  #177-D: variable "temp"  was declared but never referenced
  	unsigned char temp;
Driver\utf8togbk.c: 2 warnings, 0 errors
compiling wifi_full.c...
compiling stm32f4xx_rtc.c...
compiling main.c...
compiling overcast.c...
compiling sun.c...
compiling cloudy.c...
compiling unknown.c...
compiling formatjson.c...
Application\formatjson.c(56): warning:  #167-D: argument of type "u8 *" is incompatible with parameter of type "const char *"
  	num=atoi(code);
Application\formatjson.c(230): warning:  #177-D: variable "arrayItem"  was declared but never referenced
  	cJSON *root,*Sub,*arrayItem;
Application\formatjson.c(231): warning:  #177-D: variable "SubItem"  was declared but never referenced
  	cJSON *Item,*SubItem,*ChildItem;
Application\formatjson.c(231): warning:  #177-D: variable "ChildItem"  was declared but never referenced
  	cJSON *Item,*SubItem,*ChildItem;
Application\formatjson.c(232): warning:  #177-D: variable "LastItem"  was declared but never referenced
  	cJSON *LastItem;
Application\formatjson.c(233): warning:  #177-D: variable "pr"  was declared but never referenced
    char *pr,*utf8;
Application\formatjson.c(233): warning:  #177-D: variable "utf8"  was declared but never referenced
    char *pr,*utf8;
Application\formatjson.c(235): warning:  #177-D: variable "size"  was declared but never referenced
  	u8 size = 0;
Application\formatjson.c(236): warning:  #177-D: variable "i"  was declared but never referenced
  	u8 i;
Application\formatjson.c(314): warning:  #177-D: variable "utf8"  was declared but never referenced
    char *pr,*utf8;
Application\formatjson.c: 10 warnings, 0 errors
compiling stm32f429i_lcd.c...
Driver\stm32f429i_lcd.c(1816): warning:  #177-D: variable "index"  was declared but never referenced
  	static	u16 tx=0,ty=0;  uint32_t index = 0;
Driver\stm32f429i_lcd.c(1818): warning:  #177-D: variable "temp"  was declared but never referenced
    unsigned short temp;
Driver\stm32f429i_lcd.c(1913): warning:  #177-D: function "delay"  was declared but never referenced
  static void delay(__IO uint32_t nCount)
Driver\stm32f429i_lcd.c: 3 warnings, 0 errors
compiling cJSON.c...
cJSON\cJSON.c(55): warning:  #1293-D: assignment in condition
        if (!(copy = (char*)cJSON_malloc(len))) return 0;
cJSON\cJSON.c(278): warning:  #1293-D: assignment in condition
  	ptr=str;while ((token=*ptr) && ++len) {if (strchr("\"\\\b\f\n\r\t",token)) len++; else if (token<32) len+=5;ptr++;}
cJSON\cJSON.c(352): warning:  #111-D: statement is unreachable
  	return p.buffer;
cJSON\cJSON.c(423): warning:  #1293-D: assignment in condition
  		if (!(new_item=cJSON_New_Item())) return 0; 	/* memory fail */
cJSON\cJSON.c(535): warning:  #1293-D: assignment in condition
  		if (!(new_item=cJSON_New_Item()))	return 0; /* memory fail */
cJSON\cJSON.c: 5 warnings, 0 errors
compiling stm32f4xx_it.c...
linking...
Program Size: Code=25548 RO-data=141868 RW-data=384 ZI-data=11264  
".\Obj\Test.axf" - 0 Error(s), 21 Warning(s).
Build Time Elapsed:  00:00:06
</pre>
</body>
</html>
