Component: ARM Compiler 5.06 update 6 (build 750) Tool: armlink [4d35ed]

==============================================================================

Section Cross References

    system_stm32f4xx.o(i.SystemCoreClockUpdate) refers to system_stm32f4xx.o(.data) for SystemCoreClock
    system_stm32f4xx.o(i.SystemInit) refers to system_stm32f4xx.o(i.SetSysClock) for SetSysClock
    startup_stm32f429_439xx.o(RESET) refers to startup_stm32f429_439xx.o(STACK) for __initial_sp
    startup_stm32f429_439xx.o(RESET) refers to startup_stm32f429_439xx.o(.text) for Reset_Handler
    startup_stm32f429_439xx.o(RESET) refers to stm32f4xx_it.o(i.NMI_Handler) for NMI_Handler
    startup_stm32f429_439xx.o(RESET) refers to stm32f4xx_it.o(i.HardFault_Handler) for HardFault_Handler
    startup_stm32f429_439xx.o(RESET) refers to stm32f4xx_it.o(i.MemManage_Handler) for MemManage_Handler
    startup_stm32f429_439xx.o(RESET) refers to stm32f4xx_it.o(i.BusFault_Handler) for BusFault_Handler
    startup_stm32f429_439xx.o(RESET) refers to stm32f4xx_it.o(i.UsageFault_Handler) for UsageFault_Handler
    startup_stm32f429_439xx.o(RESET) refers to stm32f4xx_it.o(i.DebugMon_Handler) for DebugMon_Handler
    startup_stm32f429_439xx.o(RESET) refers to stm32f4xx_it.o(i.SysTick_Handler) for SysTick_Handler
    startup_stm32f429_439xx.o(RESET) refers to stm32f4xx_it.o(i.CAN1_RX0_IRQHandler) for CAN1_RX0_IRQHandler
    startup_stm32f429_439xx.o(RESET) refers to stm32f4xx_it.o(i.USART3_IRQHandler) for USART3_IRQHandler
    startup_stm32f429_439xx.o(RESET) refers to stm32f4xx_it.o(i.SDIO_IRQHandler) for SDIO_IRQHandler
    startup_stm32f429_439xx.o(RESET) refers to stm32f4xx_it.o(i.DMA2_Stream3_IRQHandler) for DMA2_Stream3_IRQHandler
    startup_stm32f429_439xx.o(RESET) refers to stm32f4xx_it.o(i.CAN2_RX0_IRQHandler) for CAN2_RX0_IRQHandler
    startup_stm32f429_439xx.o(RESET) refers to stm32f4xx_it.o(i.USART6_IRQHandler) for USART6_IRQHandler
    startup_stm32f429_439xx.o(.text) refers to system_stm32f4xx.o(i.SystemInit) for SystemInit
    startup_stm32f429_439xx.o(.text) refers to entry.o(.ARM.Collect$$$$00000000) for __main
    stm32f4xx_cryp.o(i.CRYP_DeInit) refers to stm32f4xx_rcc.o(i.RCC_AHB2PeriphResetCmd) for RCC_AHB2PeriphResetCmd
    stm32f4xx_flash.o(i.FLASH_EraseAllBank1Sectors) refers to stm32f4xx_flash.o(i.FLASH_WaitForLastOperation) for FLASH_WaitForLastOperation
    stm32f4xx_flash.o(i.FLASH_EraseAllBank2Sectors) refers to stm32f4xx_flash.o(i.FLASH_WaitForLastOperation) for FLASH_WaitForLastOperation
    stm32f4xx_flash.o(i.FLASH_EraseAllSectors) refers to stm32f4xx_flash.o(i.FLASH_WaitForLastOperation) for FLASH_WaitForLastOperation
    stm32f4xx_flash.o(i.FLASH_EraseSector) refers to stm32f4xx_flash.o(i.FLASH_WaitForLastOperation) for FLASH_WaitForLastOperation
    stm32f4xx_flash.o(i.FLASH_OB_Launch) refers to stm32f4xx_flash.o(i.FLASH_WaitForLastOperation) for FLASH_WaitForLastOperation
    stm32f4xx_flash.o(i.FLASH_OB_PCROP1Config) refers to stm32f4xx_flash.o(i.FLASH_WaitForLastOperation) for FLASH_WaitForLastOperation
    stm32f4xx_flash.o(i.FLASH_OB_PCROPConfig) refers to stm32f4xx_flash.o(i.FLASH_WaitForLastOperation) for FLASH_WaitForLastOperation
    stm32f4xx_flash.o(i.FLASH_OB_RDPConfig) refers to stm32f4xx_flash.o(i.FLASH_WaitForLastOperation) for FLASH_WaitForLastOperation
    stm32f4xx_flash.o(i.FLASH_OB_UserConfig) refers to stm32f4xx_flash.o(i.FLASH_WaitForLastOperation) for FLASH_WaitForLastOperation
    stm32f4xx_flash.o(i.FLASH_OB_WRP1Config) refers to stm32f4xx_flash.o(i.FLASH_WaitForLastOperation) for FLASH_WaitForLastOperation
    stm32f4xx_flash.o(i.FLASH_OB_WRPConfig) refers to stm32f4xx_flash.o(i.FLASH_WaitForLastOperation) for FLASH_WaitForLastOperation
    stm32f4xx_flash.o(i.FLASH_ProgramByte) refers to stm32f4xx_flash.o(i.FLASH_WaitForLastOperation) for FLASH_WaitForLastOperation
    stm32f4xx_flash.o(i.FLASH_ProgramDoubleWord) refers to stm32f4xx_flash.o(i.FLASH_WaitForLastOperation) for FLASH_WaitForLastOperation
    stm32f4xx_flash.o(i.FLASH_ProgramHalfWord) refers to stm32f4xx_flash.o(i.FLASH_WaitForLastOperation) for FLASH_WaitForLastOperation
    stm32f4xx_flash.o(i.FLASH_ProgramWord) refers to stm32f4xx_flash.o(i.FLASH_WaitForLastOperation) for FLASH_WaitForLastOperation
    stm32f4xx_flash.o(i.FLASH_WaitForLastOperation) refers to stm32f4xx_flash.o(i.FLASH_GetStatus) for FLASH_GetStatus
    stm32f4xx_gpio.o(i.GPIO_DeInit) refers to stm32f4xx_rcc.o(i.RCC_AHB1PeriphResetCmd) for RCC_AHB1PeriphResetCmd
    stm32f4xx_pwr.o(i.PWR_DeInit) refers to stm32f4xx_rcc.o(i.RCC_APB1PeriphResetCmd) for RCC_APB1PeriphResetCmd
    stm32f4xx_rcc.o(i.RCC_GetClocksFreq) refers to stm32f4xx_rcc.o(.data) for APBAHBPrescTable
    stm32f4xx_rcc.o(i.RCC_WaitForHSEStartUp) refers to stm32f4xx_rcc.o(i.RCC_GetFlagStatus) for RCC_GetFlagStatus
    stm32f4xx_syscfg.o(i.SYSCFG_DeInit) refers to stm32f4xx_rcc.o(i.RCC_APB2PeriphResetCmd) for RCC_APB2PeriphResetCmd
[...]
    i.DMA2D_Init                             0x08000b58   Section        0  stm32f4xx_dma2d.o(i.DMA2D_Init)
    i.DMA2D_StartTransfer                    0x08000c3c   Section        0  stm32f4xx_dma2d.o(i.DMA2D_StartTransfer)
    i.DMA2_Stream3_IRQHandler                0x08000c50   Section        0  stm32f4xx_it.o(i.DMA2_Stream3_IRQHandler)
    i.DebugMon_Handler                       0x08000c52   Section        0  stm32f4xx_it.o(i.DebugMon_Handler)
    i.ESP8266_Cmd                            0x08000c54   Section        0  esp_function.o(i.ESP8266_Cmd)
    i.ESP8266_Connect_To_Server              0x08000cf8   Section        0  esp_function.o(i.ESP8266_Connect_To_Server)
    i.ESP8266_Init                           0x08000d88   Section        0  esp_function.o(i.ESP8266_Init)
    i.ESP8266_STA_TCP_Client                 0x08000e2c   Section        0  esp_function.o(i.ESP8266_STA_TCP_Client)
    i.ESP8266_TransparentSend                0x08000fd8   Section        0  esp_function.o(i.ESP8266_TransparentSend)
    i.FMC_GetFlagStatus                      0x08001020   Section        0  stm32f4xx_fmc.o(i.FMC_GetFlagStatus)
    i.FMC_SDRAMCmdConfig                     0x08001068   Section        0  stm32f4xx_fmc.o(i.FMC_SDRAMCmdConfig)
    i.FMC_SDRAMInit                          0x08001088   Section        0  stm32f4xx_fmc.o(i.FMC_SDRAMInit)
    i.FMC_SetRefreshCount                    0x080011cc   Section        0  stm32f4xx_fmc.o(i.FMC_SetRefreshCount)
    i.GPIO_Init                              0x080011e4   Section        0  stm32f4xx_gpio.o(i.GPIO_Init)
    i.GPIO_PinAFConfig                       0x08001274   Section        0  stm32f4xx_gpio.o(i.GPIO_PinAFConfig)
    i.GPIO_ResetBits                         0x080012ba   Section        0  stm32f4xx_gpio.o(i.GPIO_ResetBits)
    i.GPIO_SetBits                           0x080012be   Section        0  stm32f4xx_gpio.o(i.GPIO_SetBits)
    i.Get_Data                               0x080012c4   Section        0  formatjson.o(i.Get_Data)
    i.Get_Weather_7Day                       0x08001348   Section        0  formatjson.o(i.Get_Weather_7Day)
    i.HardFault_Handler                      0x08001734   Section        0  stm32f4xx_it.o(i.HardFault_Handler)
    i.LCD_AF_GPIOConfig                      0x08001738   Section        0  stm32f429i_lcd.o(i.LCD_AF_GPIOConfig)
    i.LCD_Clear                              0x080018cc   Section        0  stm32f429i_lcd.o(i.LCD_Clear)
    i.LCD_DisplayChanese                     0x080018ec   Section        0  stm32f429i_lcd.o(i.LCD_DisplayChanese)
    i.LCD_DisplayChar                        0x080019cc   Section        0  stm32f429i_lcd.o(i.LCD_DisplayChar)
    i.LCD_DisplayOn                          0x08001a0c   Section        0  stm32f429i_lcd.o(i.LCD_DisplayOn)
    i.LCD_DisplayStr                         0x08001a24   Section        0  stm32f429i_lcd.o(i.LCD_DisplayStr)
    i.LCD_DrawChanese                        0x08001b00   Section        0  stm32f429i_lcd.o(i.LCD_DrawChanese)
    i.LCD_DrawChar                           0x08001be4   Section        0  stm32f429i_lcd.o(i.LCD_DrawChar)
    i.LCD_DrawFullRect                       0x08001ce8   Section        0  stm32f429i_lcd.o(i.LCD_DrawFullRect)
    i.LCD_DrawLineColor                      0x08001d8c   Section        0  stm32f429i_lcd.o(i.LCD_DrawLineColor)
    i.LCD_DrawPicture                        0x08001e30   Section        0  stm32f429i_lcd.o(i.LCD_DrawPicture)
    i.LCD_Init                               0x08001ea0   Section        0  stm32f429i_lcd.o(i.LCD_Init)
    i.LCD_LayerInit                          0x08001f2c   Section        0  stm32f429i_lcd.o(i.LCD_LayerInit)
    i.LCD_SetFont                            0x08001fd0   Section        0  stm32f429i_lcd.o(i.LCD_SetFont)
    i.LCD_SetLayer                           0x08001fdc   Section        0  stm32f429i_lcd.o(i.LCD_SetLayer)
    i.LCD_SetTextColor                       0x08002008   Section        0  stm32f429i_lcd.o(i.LCD_SetTextColor)
    i.LED_Init                               0x08002014   Section        0  gpio.o(i.LED_Init)
    i.LTDC_Cmd                               0x08002060   Section        0  stm32f4xx_ltdc.o(i.LTDC_Cmd)
    i.LTDC_DitherCmd                         0x08002084   Section        0  stm32f4xx_ltdc.o(i.LTDC_DitherCmd)
    i.LTDC_Init                              0x080020a8   Section        0  stm32f4xx_ltdc.o(i.LTDC_Init)
    i.LTDC_LayerCmd                          0x08002230   Section        0  stm32f4xx_ltdc.o(i.LTDC_LayerCmd)
    i.LTDC_LayerInit                         0x08002246   Section        0  stm32f4xx_ltdc.o(i.LTDC_LayerInit)
    i.LTDC_ReloadConfig                      0x0800235c   Section        0  stm32f4xx_ltdc.o(i.LTDC_ReloadConfig)
    i.MemManage_Handler                      0x08002368   Section        0  stm32f4xx_it.o(i.MemManage_Handler)
    i.NMI_Handler                            0x0800236c   Section        0  stm32f4xx_it.o(i.NMI_Handler)
    i.NVIC_Init                              0x08002370   Section        0  misc.o(i.NVIC_Init)
    i.NVIC_PriorityGroupConfig               0x080023e8   Section        0  misc.o(i.NVIC_PriorityGroupConfig)
    i.PutPixelColor                          0x080023fc   Section        0  stm32f429i_lcd.o(i.PutPixelColor)
    i.RCC_AHB1PeriphClockCmd                 0x08002414   Section        0  stm32f4xx_rcc.o(i.RCC_AHB1PeriphClockCmd)
    i.RCC_AHB1PeriphResetCmd                 0x08002434   Section        0  stm32f4xx_rcc.o(i.RCC_AHB1PeriphResetCmd)
    i.RCC_AHB3PeriphClockCmd                 0x08002454   Section        0  stm32f4xx_rcc.o(i.RCC_AHB3PeriphClockCmd)
    i.RCC_APB2PeriphClockCmd                 0x08002474   Section        0  stm32f4xx_rcc.o(i.RCC_APB2PeriphClockCmd)
    i.RCC_GetClocksFreq                      0x08002494   Section        0  stm32f4xx_rcc.o(i.RCC_GetClocksFreq)
    i.RCC_GetFlagStatus                      0x0800257c   Section        0  stm32f4xx_rcc.o(i.RCC_GetFlagStatus)
    i.RCC_LTDCCLKDivConfig                   0x080025bc   Section        0  stm32f4xx_rcc.o(i.RCC_LTDCCLKDivConfig)
    i.RCC_PLLSAICmd                          0x080025d4   Section        0  stm32f4xx_rcc.o(i.RCC_PLLSAICmd)
    i.RCC_PLLSAIConfig                       0x080025e0   Section        0  stm32f4xx_rcc.o(i.RCC_PLLSAIConfig)
    i.SDIO_IRQHandler                        0x080025f8   Section        0  stm32f4xx_it.o(i.SDIO_IRQHandler)
    i.SDRAM_GPIOConfig                       0x080025fc   Section        0  stm32f429i_sdram.o(i.SDRAM_GPIOConfig)
    i.SDRAM_Init                             0x0800280c   Section        0  stm32f429i_sdram.o(i.SDRAM_Init)
    i.SDRAM_InitSequence                     0x08002872   Section        0  stm32f429i_sdram.o(i.SDRAM_InitSequence)
    i.SetSysClock                            0x08002938   Section        0  system_stm32f4xx.o(i.SetSysClock)
    SetSysClock                              0x08002939   Thumb Code   272  system_stm32f4xx.o(i.SetSysClock)
    i.SwitchToGbk                            0x08002a58   Section        0  utf8togbk.o(i.SwitchToGbk)
    i.SysTick_Config                         0x08002b10   Section        0  delay.o(i.SysTick_Config)
    SysTick_Config                           0x08002b11   Thumb Code    74  delay.o(i.SysTick_Config)
    i.SysTick_Handler                        0x08002b64   Section        0  stm32f4xx_it.o(i.SysTick_Handler)
    i.SystemInit                             0x08002b7c   Section        0  system_stm32f4xx.o(i.SystemInit)
    i.USART1_Init                            0x08002be4   Section        0  usart.o(i.USART1_Init)
    i.USART1_Send_Data                       0x08002c8c   Section        0  usart.o(i.USART1_Send_Data)
    i.USART3_IRQHandler                      0x08002cc8   Section        0  stm32f4xx_it.o(i.USART3_IRQHandler)
    i.USART6_IRQHandler                      0x08002ccc   Section        0  stm32f4xx_it.o(i.USART6_IRQHandler)
    i.USART6_Init                            0x08002d2c   Section        0  usart.o(i.USART6_Init)
    i.USART6_SendChar                        0x08002dfc   Section        0  usart.o(i.USART6_SendChar)
    i.USART6_SendString                      0x08002e24   Section        0  usart.o(i.USART6_SendString)
    i.USART6_printf                          0x08002e3a   Section        0  usart.o(i.USART6_printf)
    i.USART_ClearFlag                        0x08002f40   Section        0  stm32f4xx_usart.o(i.USART_ClearFlag)
    i.USART_Cmd                              0x08002f52   Section        0  stm32f4xx_usart.o(i.USART_Cmd)
    i.USART_GetFlagStatus                    0x08002f6a   Section        0  stm32f4xx_usart.o(i.USART_GetFlagStatus)
    i.USART_GetITStatus                      0x08002f84   Section        0  stm32f4xx_usart.o(i.USART_GetITStatus)
    i.USART_ITConfig                         0x08002fd8   Section        0  stm32f4xx_usart.o(i.USART_ITConfig)
    i.USART_Init                             0x08003024   Section        0  stm32f4xx_usart.o(i.USART_Init)
    i.USART_ReceiveData                      0x080030f8   Section        0  stm32f4xx_usart.o(i.USART_ReceiveData)
    i.USART_SendData                         0x08003102   Section        0  stm32f4xx_usart.o(i.USART_SendData)
    i.UsageFault_Handler                     0x0800310a   Section        0  stm32f4xx_it.o(i.UsageFault_Handler)
    i.Weather_UI_Init                        0x08003110   Section        0  formatjson.o(i.Weather_UI_Init)
    i.Weather_Updata_Icon                    0x08003294   Section        0  formatjson.o(i.Weather_Updata_Icon)
    i.__0printf                              0x080033a0   Section        0  printfa.o(i.__0printf)
    i.__0sprintf                             0x080033c0   Section        0  printfa.o(i.__0sprintf)
    i.__ARM_fpclassify                       0x080033e8   Section        0  fpclassify.o(i.__ARM_fpclassify)
    i.__aeabi_errno_addr                     0x08003418   Section        0  errno.o(i.__aeabi_errno_addr)
    i.__hardfp_fabs                          0x08003420   Section        0  fabs.o(i.__hardfp_fabs)
    i.__hardfp_floor                         0x08003438   Section        0  floor.o(i.__hardfp_floor)
    i.__hardfp_pow                           0x08003550   Section        0  pow.o(i.__hardfp_pow)
    i.__kernel_poly                          0x080041a0   Section        0  poly.o(i.__kernel_poly)
    i.__mathlib_dbl_divzero                  0x08004298   Section        0  dunder.o(i.__mathlib_dbl_divzero)
    i.__mathlib_dbl_infnan2                  0x080042c8   Section        0  dunder.o(i.__mathlib_dbl_infnan2)
    i.__mathlib_dbl_invalid                  0x080042e0   Section        0  dunder.o(i.__mathlib_dbl_invalid)
    i.__mathlib_dbl_overflow                 0x08004300   Section        0  dunder.o(i.__mathlib_dbl_overflow)
    i.__mathlib_dbl_underflow                0x08004320   Section        0  dunder.o(i.__mathlib_dbl_underflow)
    i.__scatterload_copy                     0x08004340   Section       14  handlers.o(i.__scatterload_copy)
    i.__scatterload_null                     0x0800434e   Section        2  handlers.o(i.__scatterload_null)
    i.__scatterload_zeroinit                 0x08004350   Section       14  handlers.o(i.__scatterload_zeroinit)
    i.__set_errno                            0x08004360   Section        0  errno.o(i.__set_errno)
    i._fp_digits                             0x0800436c   Section        0  printfa.o(i._fp_digits)
    _fp_digits                               0x0800436d   Thumb Code   366  printfa.o(i._fp_digits)
    i._printf_core                           0x080044f0   Section        0  printfa.o(i._printf_core)
    _printf_core                             0x080044f1   Thumb Code  1744  printfa.o(i._printf_core)
    i._printf_post_padding                   0x08004bcc   Section        0  printfa.o(i._printf_post_padding)
    _printf_post_padding                     0x08004bcd   Thumb Code    36  printfa.o(i._printf_post_padding)
    i._printf_pre_padding                    0x08004bf0   Section        0  printfa.o(i._printf_pre_padding)
    _printf_pre_padding                      0x08004bf1   Thumb Code    46  printfa.o(i._printf_pre_padding)
    i._sputc                                 0x08004c1e   Section        0  printfa.o(i._sputc)
    _sputc                                   0x08004c1f   Thumb Code    10  printfa.o(i._sputc)
    i.cJSON_Delete                           0x08004c28   Section        0  cjson.o(i.cJSON_Delete)
    i.cJSON_GetArrayItem                     0x08004c80   Section        0  cjson.o(i.cJSON_GetArrayItem)
    i.cJSON_GetArraySize                     0x08004c92   Section        0  cjson.o(i.cJSON_GetArraySize)
    i.cJSON_GetObjectItem                    0x08004ca4   Section        0  cjson.o(i.cJSON_GetObjectItem)
    i.cJSON_New_Item                         0x08004cc4   Section        0  cjson.o(i.cJSON_New_Item)
    cJSON_New_Item                           0x08004cc5   Thumb Code    26  cjson.o(i.cJSON_New_Item)
    i.cJSON_Parse                            0x08004ce4   Section        0  cjson.o(i.cJSON_Parse)
    i.cJSON_ParseWithOpts                    0x08004cf4   Section        0  cjson.o(i.cJSON_ParseWithOpts)
    i.cJSON_Print                            0x08004d58   Section        0  cjson.o(i.cJSON_Print)
    i.cJSON_strcasecmp                       0x08004d6a   Section        0  cjson.o(i.cJSON_strcasecmp)
    cJSON_strcasecmp                         0x08004d6b   Thumb Code    76  cjson.o(i.cJSON_strcasecmp)
    i.cJSON_strdup                           0x08004db8   Section        0  cjson.o(i.cJSON_strdup)
    cJSON_strdup                             0x08004db9   Thumb Code    40  cjson.o(i.cJSON_strdup)
    i.delay                                  0x08004de4   Section        0  stm32f429i_sdram.o(i.delay)
    delay                                    0x08004de5   Thumb Code    32  stm32f429i_sdram.o(i.delay)
    i.delay                                  0x08004e08   Section        0  esp_function.o(i.delay)
    i.delay_ms                               0x08004e2c   Section        0  delay.o(i.delay_ms)
    i.ensure                                 0x08004e54   Section        0  cjson.o(i.ensure)
    ensure                                   0x08004e55   Thumb Code   104  cjson.o(i.ensure)
    i.fabs                                   0x08004ec4   Section        0  fabs.o(i.fabs)
    i.fputc                                  0x08004edc   Section        0  usart.o(i.fputc)
    i.free                                   0x08004f00   Section        0  malloc.o(i.free)
    i.itoa                                   0x08004f50   Section        0  usart.o(i.itoa)
    itoa                                     0x08004f51   Thumb Code    98  usart.o(i.itoa)
    i.main                                   0x08004fb4   Section        0  main.o(i.main)
    i.malloc                                 0x0800517c   Section        0  malloc.o(i.malloc)
    i.parse_array                            0x080051e8   Section        0  cjson.o(i.parse_array)
    parse_array                              0x080051e9   Thumb Code   166  cjson.o(i.parse_array)
    i.parse_hex4                             0x08005294   Section        0  cjson.o(i.parse_hex4)
    parse_hex4                               0x08005295   Thumb Code   276  cjson.o(i.parse_hex4)
    i.parse_number                           0x080053a8   Section        0  cjson.o(i.parse_number)
    parse_number                             0x080053a9   Thumb Code   424  cjson.o(i.parse_number)
    i.parse_object                           0x08005570   Section        0  cjson.o(i.parse_object)
    parse_object                             0x08005571   Thumb Code   270  cjson.o(i.parse_object)
    i.parse_string                           0x08005684   Section        0  cjson.o(i.parse_string)
    parse_string                             0x08005685   Thumb Code   448  cjson.o(i.parse_string)
    i.parse_value                            0x08005850   Section        0  cjson.o(i.parse_value)
    parse_value                              0x08005851   Thumb Code   158  cjson.o(i.parse_value)
    i.pow2gt                                 0x0800590c   Section        0  cjson.o(i.pow2gt)
    pow2gt                                   0x0800590d   Thumb Code    28  cjson.o(i.pow2gt)
    i.print_array                            0x08005928   Section        0  cjson.o(i.print_array)
    print_array                              0x08005929   Thumb Code   578  cjson.o(i.print_array)
    i.print_number                           0x08005b78   Section        0  cjson.o(i.print_number)
    print_number                             0x08005b79   Thumb Code   478  cjson.o(i.print_number)
    i.print_object                           0x08005dac   Section        0  cjson.o(i.print_object)
    print_object                             0x08005dad   Thumb Code  1038  cjson.o(i.print_object)
    i.print_string                           0x080061c4   Section        0  cjson.o(i.print_string)
    print_string                             0x080061c5   Thumb Code    16  cjson.o(i.print_string)
    i.print_string_ptr                       0x080061d4   Section        0  cjson.o(i.print_string_ptr)
    print_string_ptr                         0x080061d5   Thumb Code   442  cjson.o(i.print_string_ptr)
    i.print_value                            0x080063a8   Section        0  cjson.o(i.print_value)
    print_value                              0x080063a9   Thumb Code   278  cjson.o(i.print_value)
    i.skip                                   0x080064d8   Section        0  cjson.o(i.skip)
    skip                                     0x080064d9   Thumb Code    18  cjson.o(i.skip)
    i.sqrt                                   0x080064ea   Section        0  sqrt.o(i.sqrt)
    i.update                                 0x08006558   Section        0  cjson.o(i.update)
    update                                   0x08006559   Thumb Code    32  cjson.o(i.update)
    .constdata                               0x08006578   Section    16656  stm32f429i_lcd.o(.constdata)
    .constdata                               0x0800a688   Section      592  fonts_hz24.o(.constdata)
    .constdata                               0x0800a8d8   Section     1360  fonts_hz16.o(.constdata)
    .constdata                               0x0800ae28   Section    41804  utf8togbk.o(.constdata)
    .constdata                               0x08015174   Section      704  wifi_full.o(.constdata)
    .constdata                               0x08015434   Section    20000  overcast.o(.constdata)
    .constdata                               0x0801a254   Section    20000  sun.o(.constdata)
    .constdata                               0x0801f074   Section    20000  unknown.o(.constdata)
    .constdata                               0x08023e94   Section    20000  cloudy.o(.constdata)
    .constdata                               0x08028cb4   Section        7  cjson.o(.constdata)
    firstByteMark                            0x08028cb4   Data           7  cjson.o(.constdata)
    .constdata                               0x08028cc0   Section      136  pow.o(.constdata)
    bp                                       0x08028cc0   Data          16  pow.o(.constdata)
    dp_h                                     0x08028cd0   Data          16  pow.o(.constdata)
    dp_l                                     0x08028ce0   Data          16  pow.o(.constdata)
    L                                        0x08028cf0   Data          48  pow.o(.constdata)
    P                                        0x08028d20   Data          40  pow.o(.constdata)
    .constdata                               0x08028d48   Section        8  qnan.o(.constdata)
    .constdata                               0x08028d50   Section      129  ctype_o.o(.constdata)
    .constdata                               0x08028dd4   Section        4  ctype_o.o(.constdata)
    table                                    0x08028dd4   Data           4  ctype_o.o(.constdata)
    .data                                    0x20000000   Section       16  stm32f4xx_rcc.o(.data)
    APBAHBPrescTable                         0x20000000   Data          16  stm32f4xx_rcc.o(.data)
    .data                                    0x20000010   Section        2  delay.o(.data)
    .data                                    0x20000012   Section        4  usart.o(.data)
    .data                                    0x20000018   Section       80  stm32f429i_lcd.o(.data)
    Efont                                    0x20000018   Data           4  stm32f429i_lcd.o(.data)
    LCD_Currentfonts                         0x20000050   Data           4  stm32f429i_lcd.o(.data)
    CurrentTextColor                         0x20000054   Data           2  stm32f429i_lcd.o(.data)
    CurrentBackColor                         0x20000056   Data           2  stm32f429i_lcd.o(.data)
    CurrentFrameBuffer                       0x20000058   Data           4  stm32f429i_lcd.o(.data)
    CurrentLayer                             0x2000005c   Data           4  stm32f429i_lcd.o(.data)
    tx                                       0x20000064   Data           2  stm32f429i_lcd.o(.data)
    ty                                       0x20000066   Data           2  stm32f429i_lcd.o(.data)
    .data                                    0x20000068   Section        8  fonts_hz24.o(.data)
    .data                                    0x20000070   Section        8  fonts_hz16.o(.data)
    .data                                    0x20000078   Section      233  formatjson.o(.data)
    Efont                                    0x20000078   Data           4  formatjson.o(.data)
    .data                                    0x20000164   Section       12  cjson.o(.data)
    ep                                       0x20000164   Data           4  cjson.o(.data)
    cJSON_malloc                             0x20000168   Data           4  cjson.o(.data)
    cJSON_free                               0x2000016c   Data           4  cjson.o(.data)
    .data                                    0x20000170   Section        4  stdout.o(.data)
    .data                                    0x20000174   Section        4  mvars.o(.data)
    .data                                    0x20000178   Section        4  mvars.o(.data)
    .data                                    0x2000017c   Section        4  errno.o(.data)
    _errno                                   0x2000017c   Data           4  errno.o(.data)
    .bss                                     0x20000180   Section     2048  usart.o(.bss)
    HEAP                                     0x20000980   Section     4608  startup_stm32f429_439xx.o(HEAP)
    STACK                                    0x20001b80   Section     4608  startup_stm32f429_439xx.o(STACK)

    Global Symbols

    Symbol Name                              Value     Ov Type        Size  Object(Section)

    BuildAttributes$$THM_ISAv4$E$P$D$K$B$S$7EM$VFPi3$EXTD16$VFPS$VFMA$PE$A:L22UL41UL21$X:L11$S22US41US21$IEEE1$IW$USESV6$~STKCKD$USESV7$~SHL$OTIME$ROPI$IEEEX$EBA8$MICROLIB$REQ8$PRES8$EABIv2 0x00000000   Number         0  anon$$obj.o ABSOLUTE
    __ARM_use_no_argv                        0x00000000   Number         0  main.o ABSOLUTE
    _printf_a                                0x00000000   Number         0  stubs.o ABSOLUTE
    _printf_c                                0x00000000   Number         0  stubs.o ABSOLUTE
    _printf_charcount                        0x00000000   Number         0  stubs.o ABSOLUTE
    _printf_d                                0x00000000   Number         0  stubs.o ABSOLUTE
    _printf_e                                0x00000000   Number         0  stubs.o ABSOLUTE
    _printf_f                                0x00000000   Number         0  stubs.o ABSOLUTE
    _printf_flags                            0x00000000   Number         0  stubs.o ABSOLUTE
    _printf_fp_dec                           0x00000000   Number         0  stubs.o ABSOLUTE
    _printf_fp_hex                           0x00000000   Number         0  stubs.o ABSOLUTE
    _printf_g                                0x00000000   Number         0  stubs.o ABSOLUTE
    _printf_i                                0x00000000   Number         0  stubs.o ABSOLUTE
    _printf_int_dec                          0x00000000   Number         0  stubs.o ABSOLUTE
    _printf_l                                0x00000000   Number         0  stubs.o ABSOLUTE
    _printf_lc                               0x00000000   Number         0  stubs.o ABSOLUTE
    _printf_ll                               0x00000000   Number         0  stubs.o ABSOLUTE
    _printf_lld                              0x00000000   Number         0  stubs.o ABSOLUTE
    _printf_lli                              0x00000000   Number         0  stubs.o ABSOLUTE
    _printf_llo                              0x00000000   Number         0  stubs.o ABSOLUTE
    _printf_llu                              0x00000000   Number         0  stubs.o ABSOLUTE
    _printf_llx                              0x00000000   Number         0  stubs.o ABSOLUTE
    _printf_longlong_dec                     0x00000000   Number         0  stubs.o ABSOLUTE
    _printf_longlong_hex                     0x00000000   Number         0  stubs.o ABSOLUTE
    _printf_longlong_oct                     0x00000000   Number         0  stubs.o ABSOLUTE
    _printf_ls                               0x00000000   Number         0  stubs.o ABSOLUTE
    _printf_mbtowc                           0x00000000   Number         0  stubs.o ABSOLUTE
    _printf_n                                0x00000000   Number         0  stubs.o ABSOLUTE
    _printf_o                                0x00000000   Number         0  stubs.o ABSOLUTE
    _printf_p                                0x00000000   Number         0  stubs.o ABSOLUTE
    _printf_percent                          0x00000000   Number         0  stubs.o ABSOLUTE
    _printf_pre_padding                      0x00000000   Number         0  stubs.o ABSOLUTE
    _printf_return_value                     0x00000000   Number         0  stubs.o ABSOLUTE
    _printf_s                                0x00000000   Number         0  stubs.o ABSOLUTE
    _printf_sizespec                         0x00000000   Number         0  stubs.o ABSOLUTE
    _printf_str                              0x00000000   Number         0  stubs.o ABSOLUTE
    _printf_truncate_signed                  0x00000000   Number         0  stubs.o ABSOLUTE
    _printf_truncate_unsigned                0x00000000   Number         0  stubs.o ABSOLUTE
    _printf_u                                0x00000000   Number         0  stubs.o ABSOLUTE
    _printf_wc                               0x00000000   Number         0  stubs.o ABSOLUTE
    _printf_wctomb                           0x00000000   Number         0  stubs.o ABSOLUTE
    _printf_widthprec                        0x00000000   Number         0  stubs.o ABSOLUTE
    _printf_x                                0x00000000   Number         0  stubs.o ABSOLUTE
    __cpp_initialize__aeabi_                  - Undefined Weak Reference
    __cxa_finalize                            - Undefined Weak Reference
    _clock_init                               - Undefined Weak Reference
    _microlib_exit                            - Undefined Weak Reference
    __Vectors_Size                           0x000001ac   Number         0  startup_stm32f429_439xx.o ABSOLUTE
    __Vectors                                0x08000000   Data           4  startup_stm32f429_439xx.o(RESET)
    __Vectors_End                            0x080001ac   Data           0  startup_stm32f429_439xx.o(RESET)
    __main                                   0x080001ad   Thumb Code     0  entry.o(.ARM.Collect$$$$00000000)
    _main_stk                                0x080001ad   Thumb Code     0  entry2.o(.ARM.Collect$$$$00000001)
    _main_scatterload                        0x080001b1   Thumb Code     0  entry5.o(.ARM.Collect$$$$00000004)
    __main_after_scatterload                 0x080001b5   Thumb Code     0  entry5.o(.ARM.Collect$$$$00000004)
    _main_clock                              0x080001b5   Thumb Code     0  entry7b.o(.ARM.Collect$$$$00000008)
    _main_cpp_init                           0x080001b5   Thumb Code     0  entry8b.o(.ARM.Collect$$$$0000000A)
    _main_init                               0x080001b5   Thumb Code     0  entry9a.o(.ARM.Collect$$$$0000000B)
    __rt_final_cpp                           0x080001bd   Thumb Code     0  entry10a.o(.ARM.Collect$$$$0000000D)
    __rt_final_exit                          0x080001bd   Thumb Code     0  entry11a.o(.ARM.Collect$$$$0000000F)
    Reset_Handler                            0x080001c1   Thumb Code     8  startup_stm32f429_439xx.o(.text)
    SVC_Handler                              0x080001d3   Thumb Code     2  startup_stm32f429_439xx.o(.text)
    PendSV_Handler                           0x080001d7   Thumb Code     2  startup_stm32f429_439xx.o(.text)
    ADC_IRQHandler                           0x080001db   Thumb Code     0  startup_stm32f429_439xx.o(.text)
    CAN1_RX1_IRQHandler                      0x080001db   Thumb Code     0  startup_stm32f429_439xx.o(.text)
    CAN1_SCE_IRQHandler                      0x080001db   Thumb Code     0  startup_stm32f429_439xx.o(.text)
    CAN1_TX_IRQHandler                       0x080001db   Thumb Code     0  startup_stm32f429_439xx.o(.text)
    CAN2_RX1_IRQHandler                      0x080001db   Thumb Code     0  startup_stm32f429_439xx.o(.text)
    CAN2_SCE_IRQHandler                      0x080001db   Thumb Code     0  startup_stm32f429_439xx.o(.text)
    CAN2_TX_IRQHandler                       0x080001db   Thumb Code     0  startup_stm32f429_439xx.o(.text)
    CRYP_IRQHandler                          0x080001db   Thumb Code     0  startup_stm32f429_439xx.o(.text)
    DCMI_IRQHandler                          0x080001db   Thumb Code     0  startup_stm32f429_439xx.o(.text)
    DMA1_Stream0_IRQHandler                  0x080001db   Thumb Code     0  startup_stm32f429_439xx.o(.text)
    DMA1_Stream1_IRQHandler                  0x080001db   Thumb Code     0  startup_stm32f429_439xx.o(.text)
    DMA1_Stream2_IRQHandler                  0x080001db   Thumb Code     0  startup_stm32f429_439xx.o(.text)
    DMA1_Stream3_IRQHandler                  0x080001db   Thumb Code     0  startup_stm32f429_439xx.o(.text)
    DMA1_Stream4_IRQHandler                  0x080001db   Thumb Code     0  startup_stm32f429_439xx.o(.text)
    DMA1_Stream5_IRQHandler                  0x080001db   Thumb Code     0  startup_stm32f429_439xx.o(.text)
    DMA1_Stream6_IRQHandler                  0x080001db   Thumb Code     0  startup_stm32f429_439xx.o(.text)
    DMA1_Stream7_IRQHandler                  0x080001db   Thumb Code     0  startup_stm32f429_439xx.o(.text)
    DMA2D_IRQHandler                         0x080001db   Thumb Code     0  startup_stm32f429_439xx.o(.text)
    DMA2_Stream0_IRQHandler                  0x080001db   Thumb Code     0  startup_stm32f429_439xx.o(.text)
    DMA2_Stream1_IRQHandler                  0x080001db   Thumb Code     0  startup_stm32f429_439xx.o(.text)
    DMA2_Stream2_IRQHandler                  0x080001db   Thumb Code     0  startup_stm32f429_439xx.o(.text)
    DMA2_Stream4_IRQHandler                  0x080001db   Thumb Code     0  startup_stm32f429_439xx.o(.text)
    DMA2_Stream5_IRQHandler                  0x080001db   Thumb Code     0  startup_stm32f429_439xx.o(.text)
    DMA2_Stream6_IRQHandler                  0x080001db   Thumb Code     0  startup_stm32f429_439xx.o(.text)
    DMA2_Stream7_IRQHandler                  0x080001db   Thumb Code     0  startup_stm32f429_439xx.o(.text)
    ETH_IRQHandler                           0x080001db   Thumb Code     0  startup_stm32f429_439xx.o(.text)
    ETH_WKUP_IRQHandler                      0x080001db   Thumb Code     0  startup_stm32f429_439xx.o(.text)
    EXTI0_IRQHandler                         0x080001db   Thumb Code     0  startup_stm32f429_439xx.o(.text)
    EXTI15_10_IRQHandler                     0x080001db   Thumb Code     0  startup_stm32f429_439xx.o(.text)
    EXTI1_IRQHandler                         0x080001db   Thumb Code     0  startup_stm32f429_439xx.o(.text)
    EXTI2_IRQHandler                         0x080001db   Thumb Code     0  startup_stm32f429_439xx.o(.text)
    EXTI3_IRQHandler                         0x080001db   Thumb Code     0  startup_stm32f429_439xx.o(.text)
    EXTI4_IRQHandler                         0x080001db   Thumb Code     0  startup_stm32f429_439xx.o(.text)
    EXTI9_5_IRQHandler                       0x080001db   Thumb Code     0  startup_stm32f429_439xx.o(.text)
    FLASH_IRQHandler                         0x080001db   Thumb Code     0  startup_stm32f429_439xx.o(.text)
    FMC_IRQHandler                           0x080001db   Thumb Code     0  startup_stm32f429_439xx.o(.text)
    FPU_IRQHandler                           0x080001db   Thumb Code     0  startup_stm32f429_439xx.o(.text)
    HASH_RNG_IRQHandler                      0x080001db   Thumb Code     0  startup_stm32f429_439xx.o(.text)
    I2C1_ER_IRQHandler                       0x080001db   Thumb Code     0  startup_stm32f429_439xx.o(.text)
    I2C1_EV_IRQHandler                       0x080001db   Thumb Code     0  startup_stm32f429_439xx.o(.text)
    I2C2_ER_IRQHandler                       0x080001db   Thumb Code     0  startup_stm32f429_439xx.o(.text)
    I2C2_EV_IRQHandler                       0x080001db   Thumb Code     0  startup_stm32f429_439xx.o(.text)
    I2C3_ER_IRQHandler                       0x080001db   Thumb Code     0  startup_stm32f429_439xx.o(.text)
    I2C3_EV_IRQHandler                       0x080001db   Thumb Code     0  startup_stm32f429_439xx.o(.text)
    LTDC_ER_IRQHandler                       0x080001db   Thumb Code     0  startup_stm32f429_439xx.o(.text)
    LTDC_IRQHandler                          0x080001db   Thumb Code     0  startup_stm32f429_439xx.o(.text)
    OTG_FS_IRQHandler                        0x080001db   Thumb Code     0  startup_stm32f429_439xx.o(.text)
    OTG_FS_WKUP_IRQHandler                   0x080001db   Thumb Code     0  startup_stm32f429_439xx.o(.text)
    OTG_HS_EP1_IN_IRQHandler                 0x080001db   Thumb Code     0  startup_stm32f429_439xx.o(.text)
    OTG_HS_EP1_OUT_IRQHandler                0x080001db   Thumb Code     0  startup_stm32f429_439xx.o(.text)
    OTG_HS_IRQHandler                        0x080001db   Thumb Code     0  startup_stm32f429_439xx.o(.text)
    OTG_HS_WKUP_IRQHandler                   0x080001db   Thumb Code     0  startup_stm32f429_439xx.o(.text)
    PVD_IRQHandler                           0x080001db   Thumb Code     0  startup_stm32f429_439xx.o(.text)
    RCC_IRQHandler                           0x080001db   Thumb Code     0  startup_stm32f429_439xx.o(.text)
    RTC_Alarm_IRQHandler                     0x080001db   Thumb Code     0  startup_stm32f429_439xx.o(.text)
    RTC_WKUP_IRQHandler                      0x080001db   Thumb Code     0  startup_stm32f429_439xx.o(.text)
    SAI1_IRQHandler                          0x080001db   Thumb Code     0  startup_stm32f429_439xx.o(.text)
    SPI1_IRQHandler                          0x080001db   Thumb Code     0  startup_stm32f429_439xx.o(.text)
    SPI2_IRQHandler                          0x080001db   Thumb Code     0  startup_stm32f429_439xx.o(.text)
    SPI3_IRQHandler                          0x080001db   Thumb Code     0  startup_stm32f429_439xx.o(.text)
    SPI4_IRQHandler                          0x080001db   Thumb Code     0  startup_stm32f429_439xx.o(.text)
    SPI5_IRQHandler                          0x080001db   Thumb Code     0  startup_stm32f429_439xx.o(.text)
    SPI6_IRQHandler                          0x080001db   Thumb Code     0  startup_stm32f429_439xx.o(.text)
    TAMP_STAMP_IRQHandler                    0x080001db   Thumb Code     0  startup_stm32f429_439xx.o(.text)
    TIM1_BRK_TIM9_IRQHandler                 0x080001db   Thumb Code     0  startup_stm32f429_439xx.o(.text)
    TIM1_CC_IRQHandler                       0x080001db   Thumb Code     0  startup_stm32f429_439xx.o(.text)
    TIM1_TRG_COM_TIM11_IRQHandler            0x080001db   Thumb Code     0  startup_stm32f429_439xx.o(.text)
    TIM1_UP_TIM10_IRQHandler                 0x080001db   Thumb Code     0  startup_stm32f429_439xx.o(.text)
    TIM2_IRQHandler                          0x080001db   Thumb Code     0  startup_stm32f429_439xx.o(.text)
    TIM3_IRQHandler                          0x080001db   Thumb Code     0  startup_stm32f429_439xx.o(.text)
    TIM4_IRQHandler                          0x080001db   Thumb Code     0  startup_stm32f429_439xx.o(.text)
    TIM5_IRQHandler                          0x080001db   Thumb Code     0  startup_stm32f429_439xx.o(.text)
    TIM6_DAC_IRQHandler                      0x080001db   Thumb Code     0  startup_stm32f429_439xx.o(.text)
    TIM7_IRQHandler                          0x080001db   Thumb Code     0  startup_stm32f429_439xx.o(.text)
    TIM8_BRK_TIM12_IRQHandler                0x080001db   Thumb Code     0  startup_stm32f429_439xx.o(.text)
    TIM8_CC_IRQHandler                       0x080001db   Thumb Code     0  startup_stm32f429_439xx.o(.text)
    TIM8_TRG_COM_TIM14_IRQHandler            0x080001db   Thumb Code     0  startup_stm32f429_439xx.o(.text)
    TIM8_UP_TIM13_IRQHandler                 0x080001db   Thumb Code     0  startup_stm32f429_439xx.o(.text)
    UART4_IRQHandler                         0x080001db   Thumb Code     0  startup_stm32f429_439xx.o(.text)
    UART5_IRQHandler                         0x080001db   Thumb Code     0  startup_stm32f429_439xx.o(.text)
    UART7_IRQHandler                         0x080001db   Thumb Code     0  startup_stm32f429_439xx.o(.text)
    UART8_IRQHandler                         0x080001db   Thumb Code     0  startup_stm32f429_439xx.o(.text)
    USART1_IRQHandler                        0x080001db   Thumb Code     0  startup_stm32f429_439xx.o(.text)
    USART2_IRQHandler                        0x080001db   Thumb Code     0  startup_stm32f429_439xx.o(.text)
    WWDG_IRQHandler                          0x080001db   Thumb Code     0  startup_stm32f429_439xx.o(.text)
    tolower                                  0x080001e5   Thumb Code    12  tolower.o(.text)
    __aeabi_memcpy                           0x080001f1   Thumb Code    36  memcpya.o(.text)
    __aeabi_memcpy4                          0x080001f1   Thumb Code     0  memcpya.o(.text)
    __aeabi_memcpy8                          0x080001f1   Thumb Code     0  memcpya.o(.text)
    __aeabi_memset                           0x08000215   Thumb Code    14  memseta.o(.text)
    __aeabi_memset4                          0x08000215   Thumb Code     0  memseta.o(.text)
    __aeabi_memset8                          0x08000215   Thumb Code     0  memseta.o(.text)
    __aeabi_memclr                           0x08000223   Thumb Code     4  memseta.o(.text)
    __aeabi_memclr4                          0x08000223   Thumb Code     0  memseta.o(.text)
    __aeabi_memclr8                          0x08000223   Thumb Code     0  memseta.o(.text)
    _memset$wrapper                          0x08000227   Thumb Code    18  memseta.o(.text)
    strstr                                   0x08000239   Thumb Code    36  strstr.o(.text)
    strchr                                   0x0800025d   Thumb Code    20  strchr.o(.text)
    strlen                                   0x08000271   Thumb Code    14  strlen.o(.text)
    strcpy                                   0x0800027f   Thumb Code    18  strcpy.o(.text)
    strncmp                                  0x08000291   Thumb Code    30  strncmp.o(.text)
    atoi                                     0x080002af   Thumb Code    26  atoi.o(.text)
    __aeabi_dadd                             0x080002c9   Thumb Code   322  dadd.o(.text)
    __aeabi_dsub                             0x0800040b   Thumb Code     6  dadd.o(.text)
    __aeabi_drsub                            0x08000411   Thumb Code     6  dadd.o(.text)
    __aeabi_dmul                             0x08000417   Thumb Code   228  dmul.o(.text)
    __aeabi_i2d                              0x080004fb   Thumb Code    34  dflti.o(.text)
    __aeabi_d2iz                             0x0800051d   Thumb Code    62  dfixi.o(.text)
    __aeabi_d2uiz                            0x0800055b   Thumb Code    50  dfixui.o(.text)
    __aeabi_cdcmpeq                          0x0800058d   Thumb Code     0  cdcmple.o(.text)
    __aeabi_cdcmple                          0x0800058d   Thumb Code    48  cdcmple.o(.text)
    __aeabi_cdrcmple                         0x080005bd   Thumb Code    48  cdrcmple.o(.text)
    __aeabi_uidiv                            0x080005ed   Thumb Code     0  uidiv.o(.text)
    __aeabi_uidivmod                         0x080005ed   Thumb Code    44  uidiv.o(.text)
    __aeabi_uldivmod                         0x08000619   Thumb Code    98  uldiv.o(.text)
    __aeabi_llsl                             0x0800067b   Thumb Code    30  llshl.o(.text)
    _ll_shift_l                              0x0800067b   Thumb Code     0  llshl.o(.text)
    __aeabi_llsr                             0x08000699   Thumb Code    32  llushr.o(.text)
    _ll_ushift_r                             0x08000699   Thumb Code     0  llushr.o(.text)
    __aeabi_lasr                             0x080006b9   Thumb Code    36  llsshr.o(.text)
    _ll_sshift_r                             0x080006b9   Thumb Code     0  llsshr.o(.text)
    strtol                                   0x080006dd   Thumb Code   112  strtol.o(.text)
    __I$use$fp                               0x0800074d   Thumb Code     0  iusefp.o(.text)
    _double_round                            0x0800074d   Thumb Code    30  depilogue.o(.text)
    _double_epilogue                         0x0800076b   Thumb Code   156  depilogue.o(.text)
    __aeabi_ddiv                             0x08000807   Thumb Code   222  ddiv.o(.text)
    __ARM_scalbn                             0x080008e5   Thumb Code    46  dscalb.o(.text)
    scalbn                                   0x080008e5   Thumb Code     0  dscalb.o(.text)
    __aeabi_d2ulz                            0x08000913   Thumb Code    48  dfixul.o(.text)
    __scatterload                            0x08000945   Thumb Code    28  init.o(.text)
    __scatterload_rt2                        0x08000945   Thumb Code     0  init.o(.text)
    __rt_ctype_table                         0x08000969   Thumb Code     4  ctype_o.o(.text)
    _strtoul                                 0x08000971   Thumb Code   158  _strtoul.o(.text)
    _dsqrt                                   0x08000a0f   Thumb Code   162  dsqrt.o(.text)
    _chval                                   0x08000ab1   Thumb Code    28  _chval.o(.text)
    __decompress                             0x08000acd   Thumb Code     0  __dczerorl2.o(.text)
    __decompress1                            0x08000acd   Thumb Code    86  __dczerorl2.o(.text)
    BusFault_Handler                         0x08000b23   Thumb Code     4  stm32f4xx_it.o(i.BusFault_Handler)
    CAN1_RX0_IRQHandler                      0x08000b27   Thumb Code     2  stm32f4xx_it.o(i.CAN1_RX0_IRQHandler)
    CAN2_RX0_IRQHandler                      0x08000b29   Thumb Code     2  stm32f4xx_it.o(i.CAN2_RX0_IRQHandler)
    DMA2D_DeInit                             0x08000b2b   Thumb Code    22  stm32f4xx_dma2d.o(i.DMA2D_DeInit)
    DMA2D_GetFlagStatus                      0x08000b41   Thumb Code    20  stm32f4xx_dma2d.o(i.DMA2D_GetFlagStatus)
    DMA2D_Init                               0x08000b59   Thumb Code   218  stm32f4xx_dma2d.o(i.DMA2D_Init)
    DMA2D_StartTransfer                      0x08000c3d   Thumb Code    14  stm32f4xx_dma2d.o(i.DMA2D_StartTransfer)
    DMA2_Stream3_IRQHandler                  0x08000c51   Thumb Code     2  stm32f4xx_it.o(i.DMA2_Stream3_IRQHandler)
    DebugMon_Handler                         0x08000c53   Thumb Code     2  stm32f4xx_it.o(i.DebugMon_Handler)
    ESP8266_Cmd                              0x08000c55   Thumb Code   144  esp_function.o(i.ESP8266_Cmd)
    ESP8266_Connect_To_Server                0x08000cf9   Thumb Code    72  esp_function.o(i.ESP8266_Connect_To_Server)
    ESP8266_Init                             0x08000d89   Thumb Code   150  esp_function.o(i.ESP8266_Init)
    ESP8266_STA_TCP_Client                   0x08000e2d   Thumb Code   158  esp_function.o(i.ESP8266_STA_TCP_Client)
    ESP8266_TransparentSend                  0x08000fd9   Thumb Code    32  esp_function.o(i.ESP8266_TransparentSend)
    FMC_GetFlagStatus                        0x08001021   Thumb Code    68  stm32f4xx_fmc.o(i.FMC_GetFlagStatus)
    FMC_SDRAMCmdConfig                       0x08001069   Thumb Code    28  stm32f4xx_fmc.o(i.FMC_SDRAMCmdConfig)
    FMC_SDRAMInit                            0x08001089   Thumb Code   318  stm32f4xx_fmc.o(i.FMC_SDRAMInit)
    FMC_SetRefreshCount                      0x080011cd   Thumb Code    18  stm32f4xx_fmc.o(i.FMC_SetRefreshCount)
    GPIO_Init                                0x080011e5   Thumb Code   144  stm32f4xx_gpio.o(i.GPIO_Init)
    GPIO_PinAFConfig                         0x08001275   Thumb Code    70  stm32f4xx_gpio.o(i.GPIO_PinAFConfig)
    GPIO_ResetBits                           0x080012bb   Thumb Code     4  stm32f4xx_gpio.o(i.GPIO_ResetBits)
    GPIO_SetBits                             0x080012bf   Thumb Code     4  stm32f4xx_gpio.o(i.GPIO_SetBits)
    Get_Data                                 0x080012c5   Thumb Code   112  formatjson.o(i.Get_Data)
    Get_Weather_7Day                         0x08001349   Thumb Code   804  formatjson.o(i.Get_Weather_7Day)
    HardFault_Handler                        0x08001735   Thumb Code     4  stm32f4xx_it.o(i.HardFault_Handler)
    LCD_AF_GPIOConfig                        0x08001739   Thumb Code   378  stm32f429i_lcd.o(i.LCD_AF_GPIOConfig)
    LCD_Clear                                0x080018cd   Thumb Code    26  stm32f429i_lcd.o(i.LCD_Clear)
    LCD_DisplayChanese                       0x080018ed   Thumb Code   216  stm32f429i_lcd.o(i.LCD_DisplayChanese)
    LCD_DisplayChar                          0x080019cd   Thumb Code    58  stm32f429i_lcd.o(i.LCD_DisplayChar)
    LCD_DisplayOn                            0x08001a0d   Thumb Code    20  stm32f429i_lcd.o(i.LCD_DisplayOn)
    LCD_DisplayStr                           0x08001a25   Thumb Code   198  stm32f429i_lcd.o(i.LCD_DisplayStr)
    LCD_DrawChanese                          0x08001b01   Thumb Code   218  stm32f429i_lcd.o(i.LCD_DrawChanese)
    LCD_DrawChar                             0x08001be5   Thumb Code   250  stm32f429i_lcd.o(i.LCD_DrawChar)
    LCD_DrawFullRect                         0x08001ce9   Thumb Code   154  stm32f429i_lcd.o(i.LCD_DrawFullRect)
    LCD_DrawLineColor                        0x08001d8d   Thumb Code   160  stm32f429i_lcd.o(i.LCD_DrawLineColor)
    LCD_DrawPicture                          0x08001e31   Thumb Code   102  stm32f429i_lcd.o(i.LCD_DrawPicture)
    LCD_Init                                 0x08001ea1   Thumb Code   138  stm32f429i_lcd.o(i.LCD_Init)
    LCD_LayerInit                            0x08001f2d   Thumb Code   152  stm32f429i_lcd.o(i.LCD_LayerInit)
    LCD_SetFont                              0x08001fd1   Thumb Code     6  stm32f429i_lcd.o(i.LCD_SetFont)
    LCD_SetLayer                             0x08001fdd   Thumb Code    32  stm32f429i_lcd.o(i.LCD_SetLayer)
    LCD_SetTextColor                         0x08002009   Thumb Code     6  stm32f429i_lcd.o(i.LCD_SetTextColor)
    LED_Init                                 0x08002015   Thumb Code    72  gpio.o(i.LED_Init)
    LTDC_Cmd                                 0x08002061   Thumb Code    30  stm32f4xx_ltdc.o(i.LTDC_Cmd)
    LTDC_DitherCmd                           0x08002085   Thumb Code    30  stm32f4xx_ltdc.o(i.LTDC_DitherCmd)
    LTDC_Init                                0x080020a9   Thumb Code   378  stm32f4xx_ltdc.o(i.LTDC_Init)
    LTDC_LayerCmd                            0x08002231   Thumb Code    22  stm32f4xx_ltdc.o(i.LTDC_LayerCmd)
    LTDC_LayerInit                           0x08002247   Thumb Code   276  stm32f4xx_ltdc.o(i.LTDC_LayerInit)
    LTDC_ReloadConfig                        0x0800235d   Thumb Code     6  stm32f4xx_ltdc.o(i.LTDC_ReloadConfig)
    MemManage_Handler                        0x08002369   Thumb Code     4  stm32f4xx_it.o(i.MemManage_Handler)
    NMI_Handler                              0x0800236d   Thumb Code     2  stm32f4xx_it.o(i.NMI_Handler)
    NVIC_Init                                0x08002371   Thumb Code   106  misc.o(i.NVIC_Init)
    NVIC_PriorityGroupConfig                 0x080023e9   Thumb Code    10  misc.o(i.NVIC_PriorityGroupConfig)
    PutPixelColor                            0x080023fd   Thumb Code    24  stm32f429i_lcd.o(i.PutPixelColor)
    RCC_AHB1PeriphClockCmd                   0x08002415   Thumb Code    26  stm32f4xx_rcc.o(i.RCC_AHB1PeriphClockCmd)
    RCC_AHB1PeriphResetCmd                   0x08002435   Thumb Code    26  stm32f4xx_rcc.o(i.RCC_AHB1PeriphResetCmd)
    RCC_AHB3PeriphClockCmd                   0x08002455   Thumb Code    26  stm32f4xx_rcc.o(i.RCC_AHB3PeriphClockCmd)
    RCC_APB2PeriphClockCmd                   0x08002475   Thumb Code    26  stm32f4xx_rcc.o(i.RCC_APB2PeriphClockCmd)
    RCC_GetClocksFreq                        0x08002495   Thumb Code   214  stm32f4xx_rcc.o(i.RCC_GetClocksFreq)
    RCC_GetFlagStatus                        0x0800257d   Thumb Code    60  stm32f4xx_rcc.o(i.RCC_GetFlagStatus)
    RCC_LTDCCLKDivConfig                     0x080025bd   Thumb Code    18  stm32f4xx_rcc.o(i.RCC_LTDCCLKDivConfig)
    RCC_PLLSAICmd                            0x080025d5   Thumb Code     6  stm32f4xx_rcc.o(i.RCC_PLLSAICmd)
    RCC_PLLSAIConfig                         0x080025e1   Thumb Code    18  stm32f4xx_rcc.o(i.RCC_PLLSAIConfig)
    SDIO_IRQHandler                          0x080025f9   Thumb Code     2  stm32f4xx_it.o(i.SDIO_IRQHandler)
    SDRAM_GPIOConfig                         0x080025fd   Thumb Code   504  stm32f429i_sdram.o(i.SDRAM_GPIOConfig)
    SDRAM_Init                               0x0800280d   Thumb Code   102  stm32f429i_sdram.o(i.SDRAM_Init)
    SDRAM_InitSequence                       0x08002873   Thumb Code   198  stm32f429i_sdram.o(i.SDRAM_InitSequence)
    SwitchToGbk                              0x08002a59   Thumb Code   180  utf8togbk.o(i.SwitchToGbk)
    SysTick_Handler                          0x08002b65   Thumb Code    18  stm32f4xx_it.o(i.SysTick_Handler)
    SystemInit                               0x08002b7d   Thumb Code    88  system_stm32f4xx.o(i.SystemInit)
    USART1_Init                              0x08002be5   Thumb Code   152  usart.o(i.USART1_Init)
    USART1_Send_Data                         0x08002c8d   Thumb Code    56  usart.o(i.USART1_Send_Data)
    USART3_IRQHandler                        0x08002cc9   Thumb Code     2  stm32f4xx_it.o(i.USART3_IRQHandler)
    USART6_IRQHandler                        0x08002ccd   Thumb Code    84  stm32f4xx_it.o(i.USART6_IRQHandler)
    USART6_Init                              0x08002d2d   Thumb Code   200  usart.o(i.USART6_Init)
    USART6_SendChar                          0x08002dfd   Thumb Code    36  usart.o(i.USART6_SendChar)
    USART6_SendString                        0x08002e25   Thumb Code    22  usart.o(i.USART6_SendString)
    USART6_printf                            0x08002e3b   Thumb Code   262  usart.o(i.USART6_printf)
    USART_ClearFlag                          0x08002f41   Thumb Code    18  stm32f4xx_usart.o(i.USART_ClearFlag)
    USART_Cmd                                0x08002f53   Thumb Code    24  stm32f4xx_usart.o(i.USART_Cmd)
    USART_GetFlagStatus                      0x08002f6b   Thumb Code    26  stm32f4xx_usart.o(i.USART_GetFlagStatus)
    USART_GetITStatus                        0x08002f85   Thumb Code    84  stm32f4xx_usart.o(i.USART_GetITStatus)
    USART_ITConfig                           0x08002fd9   Thumb Code    74  stm32f4xx_usart.o(i.USART_ITConfig)
    USART_Init                               0x08003025   Thumb Code   204  stm32f4xx_usart.o(i.USART_Init)
    USART_ReceiveData                        0x080030f9   Thumb Code    10  stm32f4xx_usart.o(i.USART_ReceiveData)
    USART_SendData                           0x08003103   Thumb Code     8  stm32f4xx_usart.o(i.USART_SendData)
    UsageFault_Handler                       0x0800310b   Thumb Code     4  stm32f4xx_it.o(i.UsageFault_Handler)
    Weather_UI_Init                          0x08003111   Thumb Code   328  formatjson.o(i.Weather_UI_Init)
    Weather_Updata_Icon                      0x08003295   Thumb Code   214  formatjson.o(i.Weather_Updata_Icon)
    __0printf                                0x080033a1   Thumb Code    22  printfa.o(i.__0printf)
    __1printf                                0x080033a1   Thumb Code     0  printfa.o(i.__0printf)
    __2printf                                0x080033a1   Thumb Code     0  printfa.o(i.__0printf)
    __c89printf                              0x080033a1   Thumb Code     0  printfa.o(i.__0printf)
    printf                                   0x080033a1   Thumb Code     0  printfa.o(i.__0printf)
    __0sprintf                               0x080033c1   Thumb Code    34  printfa.o(i.__0sprintf)
    __1sprintf                               0x080033c1   Thumb Code     0  printfa.o(i.__0sprintf)
    __2sprintf                               0x080033c1   Thumb Code     0  printfa.o(i.__0sprintf)
    __c89sprintf                             0x080033c1   Thumb Code     0  printfa.o(i.__0sprintf)
    sprintf                                  0x080033c1   Thumb Code     0  printfa.o(i.__0sprintf)
    __ARM_fpclassify                         0x080033e9   Thumb Code    48  fpclassify.o(i.__ARM_fpclassify)
    __aeabi_errno_addr                       0x08003419   Thumb Code     4  errno.o(i.__aeabi_errno_addr)
    __rt_errno_addr                          0x08003419   Thumb Code     0  errno.o(i.__aeabi_errno_addr)
    __hardfp_fabs                            0x08003421   Thumb Code    20  fabs.o(i.__hardfp_fabs)
    __hardfp_floor                           0x08003439   Thumb Code   252  floor.o(i.__hardfp_floor)
    __hardfp_pow                             0x08003551   Thumb Code  3072  pow.o(i.__hardfp_pow)
    __kernel_poly                            0x080041a1   Thumb Code   248  poly.o(i.__kernel_poly)
    __mathlib_dbl_divzero                    0x08004299   Thumb Code    28  dunder.o(i.__mathlib_dbl_divzero)
    __mathlib_dbl_infnan2                    0x080042c9   Thumb Code    20  dunder.o(i.__mathlib_dbl_infnan2)
    __mathlib_dbl_invalid                    0x080042e1   Thumb Code    24  dunder.o(i.__mathlib_dbl_invalid)
    __mathlib_dbl_overflow                   0x08004301   Thumb Code    24  dunder.o(i.__mathlib_dbl_overflow)
    __mathlib_dbl_underflow                  0x08004321   Thumb Code    24  dunder.o(i.__mathlib_dbl_underflow)
    __scatterload_copy                       0x08004341   Thumb Code    14  handlers.o(i.__scatterload_copy)
    __scatterload_null                       0x0800434f   Thumb Code     2  handlers.o(i.__scatterload_null)
    __scatterload_zeroinit                   0x08004351   Thumb Code    14  handlers.o(i.__scatterload_zeroinit)
    __set_errno                              0x08004361   Thumb Code     6  errno.o(i.__set_errno)
    cJSON_Delete                             0x08004c29   Thumb Code    82  cjson.o(i.cJSON_Delete)
    cJSON_GetArrayItem                       0x08004c81   Thumb Code    18  cjson.o(i.cJSON_GetArrayItem)
    cJSON_GetArraySize                       0x08004c93   Thumb Code    18  cjson.o(i.cJSON_GetArraySize)
    cJSON_GetObjectItem                      0x08004ca5   Thumb Code    30  cjson.o(i.cJSON_GetObjectItem)
    cJSON_Parse                              0x08004ce5   Thumb Code    16  cjson.o(i.cJSON_Parse)
    cJSON_ParseWithOpts                      0x08004cf5   Thumb Code    96  cjson.o(i.cJSON_ParseWithOpts)
    cJSON_Print                              0x08004d59   Thumb Code    18  cjson.o(i.cJSON_Print)
    delay                                    0x08004e09   Thumb Code    32  esp_function.o(i.delay)
    delay_ms                                 0x08004e2d   Thumb Code    32  delay.o(i.delay_ms)
    fabs                                     0x08004ec5   Thumb Code    24  fabs.o(i.fabs)
    fputc                                    0x08004edd   Thumb Code    32  usart.o(i.fputc)
    free                                     0x08004f01   Thumb Code    76  malloc.o(i.free)
    main                                     0x08004fb5   Thumb Code   216  main.o(i.main)
    malloc                                   0x0800517d   Thumb Code    92  malloc.o(i.malloc)
    sqrt                                     0x080064eb   Thumb Code   110  sqrt.o(i.sqrt)
    ASCII24x48_Table                         0x08006578   Data        2880  stm32f429i_lcd.o(.constdata)
    ASCII16x24_Table                         0x080070b8   Data        4560  stm32f429i_lcd.o(.constdata)
    ASCII12x12_Table                         0x08008288   Data        2304  stm32f429i_lcd.o(.constdata)
    ASCII8x12_Table                          0x08008b88   Data        2304  stm32f429i_lcd.o(.constdata)
    ASCII8x16_Table                          0x08009488   Data        3072  stm32f429i_lcd.o(.constdata)
    ASCII8x8_Table                           0x0800a088   Data        1536  stm32f429i_lcd.o(.constdata)
    Chinese24x24_Table                       0x0800a688   Data         592  fonts_hz24.o(.constdata)
    Chinese16x16_Table                       0x0800a8d8   Data        1360  fonts_hz16.o(.constdata)
    mb_uni2gb_table                          0x0800ae28   Data       41804  utf8togbk.o(.constdata)
    gImage_wifi_full                         0x08015174   Data         704  wifi_full.o(.constdata)
    gImage_overcast                          0x08015434   Data       20000  overcast.o(.constdata)
    gImage_sun                               0x0801a254   Data       20000  sun.o(.constdata)
    gImage_unknown                           0x0801f074   Data       20000  unknown.o(.constdata)
    gImage_cloudy                            0x08023e94   Data       20000  cloudy.o(.constdata)
    __mathlib_zero                           0x08028d48   Data           8  qnan.o(.constdata)
    __ctype_table                            0x08028d50   Data         129  ctype_o.o(.constdata)
    Region$$Table$$Base                      0x08028dd8   Number         0  anon$$obj.o(Region$$Table)
    Region$$Table$$Limit                     0x08028df8   Number         0  anon$$obj.o(Region$$Table)
    time                                     0x20000010   Data           2  delay.o(.data)
    data_length                              0x20000012   Data           2  usart.o(.data)
    data_lengthu6                            0x20000014   Data           2  usart.o(.data)
    Font16x24                                0x2000001c   Data           8  stm32f429i_lcd.o(.data)
    Font12x12                                0x20000024   Data           8  stm32f429i_lcd.o(.data)
    Font8x12                                 0x2000002c   Data           8  stm32f429i_lcd.o(.data)
    Font8x16                                 0x20000034   Data           8  stm32f429i_lcd.o(.data)
    Font8x8                                  0x2000003c   Data           8  stm32f429i_lcd.o(.data)
    Font24x48                                0x20000044   Data           8  stm32f429i_lcd.o(.data)
    CHAR_H                                   0x2000004c   Data           1  stm32f429i_lcd.o(.data)
    CHAR_W                                   0x2000004d   Data           1  stm32f429i_lcd.o(.data)
    DMA2D_OutAdd                             0x20000060   Data           4  stm32f429i_lcd.o(.data)
    Font24x24                                0x20000068   Data           8  fonts_hz24.o(.data)
    Font16x16                                0x20000070   Data           8  fonts_hz16.o(.data)
    GET_DATA_7DAY                            0x2000007c   Data          72  formatjson.o(.data)
    GET_DATA_NOW                             0x200000c4   Data          68  formatjson.o(.data)
    GET_DATA_QRCODE                          0x20000108   Data          89  formatjson.o(.data)
    __stdout                                 0x20000170   Data           4  stdout.o(.data)
    __microlib_freelist                      0x20000174   Data           4  mvars.o(.data)
    __microlib_freelist_initialised          0x20000178   Data           4  mvars.o(.data)
    rx_buffer                                0x20000180   Data        1024  usart.o(.bss)
    rx_bufferu6                              0x20000580   Data        1024  usart.o(.bss)
    __heap_base                              0x20000980   Data           0  startup_stm32f429_439xx.o(HEAP)
    __heap_limit                             0x20001b80   Data           0  startup_stm32f429_439xx.o(HEAP)
    __initial_sp                             0x20002d80   Data           0  startup_stm32f429_439xx.o(STACK)



==============================================================================

Memory Map of the image

  Image Entry point : 0x080001ad

  Load Region LR_IROM1 (Base: 0x08000000, Size: 0x00028f78, Max: 0x00100000, ABSOLUTE, COMPRESSED[0x00028ee0])

    Execution Region ER_IROM1 (Exec base: 0x08000000, Load base: 0x08000000, Size: 0x00028df8, Max: 0x00100000, ABSOLUTE)

    Exec Addr    Load Addr    Size         Type   Attr      Idx    E Section Name        Object

    0x08000000   0x08000000   0x000001ac   Data   RO          153    RESET               startup_stm32f429_439xx.o
    0x080001ac   0x080001ac   0x00000000   Code   RO         5157  * .ARM.Collect$$$$00000000  mc_w.l(entry.o)
    0x080001ac   0x080001ac   0x00000004   Code   RO         5516    .ARM.Collect$$$$00000001  mc_w.l(entry2.o)
    0x080001b0   0x080001b0   0x00000004   Code   RO         5519    .ARM.Collect$$$$00000004  mc_w.l(entry5.o)
    0x080001b4   0x080001b4   0x00000000   Code   RO         5521    .ARM.Collect$$$$00000008  mc_w.l(entry7b.o)
    0x080001b4   0x080001b4   0x00000000   Code   RO         5523    .ARM.Collect$$$$0000000A  mc_w.l(entry8b.o)
    0x080001b4   0x080001b4   0x00000008   Code   RO         5524    .ARM.Collect$$$$0000000B  mc_w.l(entry9a.o)
    0x080001bc   0x080001bc   0x00000000   Code   RO         5526    .ARM.Collect$$$$0000000D  mc_w.l(entry10a.o)
    0x080001bc   0x080001bc   0x00000000   Code   RO         5528    .ARM.Collect$$$$0000000F  mc_w.l(entry11a.o)
    0x080001bc   0x080001bc   0x00000004   Code   RO         5517    .ARM.Collect$$$$00002712  mc_w.l(entry2.o)
    0x080001c0   0x080001c0   0x00000024   Code   RO          154    .text               startup_stm32f429_439xx.o
    0x080001e4   0x080001e4   0x0000000c   Code   RO         5160    .text               mc_w.l(tolower.o)
    0x080001f0   0x080001f0   0x00000024   Code   RO         5162    .text               mc_w.l(memcpya.o)
    0x08000214   0x08000214   0x00000024   Code   RO         5164    .text               mc_w.l(memseta.o)
    0x08000238   0x08000238   0x00000024   Code   RO         5166    .text               mc_w.l(strstr.o)
    0x0800025c   0x0800025c   0x00000014   Code   RO         5168    .text               mc_w.l(strchr.o)
    0x08000270   0x08000270   0x0000000e   Code   RO         5170    .text               mc_w.l(strlen.o)
    0x0800027e   0x0800027e   0x00000012   Code   RO         5172    .text               mc_w.l(strcpy.o)
    0x08000290   0x08000290   0x0000001e   Code   RO         5174    .text               mc_w.l(strncmp.o)
    0x080002ae   0x080002ae   0x0000001a   Code   RO         5467    .text               mc_w.l(atoi.o)
    0x080002c8   0x080002c8   0x0000014e   Code   RO         5469    .text               mf_w.l(dadd.o)
    0x08000416   0x08000416   0x000000e4   Code   RO         5471    .text               mf_w.l(dmul.o)
    0x080004fa   0x080004fa   0x00000022   Code   RO         5473    .text               mf_w.l(dflti.o)
    0x0800051c   0x0800051c   0x0000003e   Code   RO         5475    .text               mf_w.l(dfixi.o)
    0x0800055a   0x0800055a   0x00000032   Code   RO         5477    .text               mf_w.l(dfixui.o)
    0x0800058c   0x0800058c   0x00000030   Code   RO         5481    .text               mf_w.l(cdcmple.o)
    0x080005bc   0x080005bc   0x00000030   Code   RO         5483    .text               mf_w.l(cdrcmple.o)
    0x080005ec   0x080005ec   0x0000002c   Code   RO         5531    .text               mc_w.l(uidiv.o)
    0x08000618   0x08000618   0x00000062   Code   RO         5533    .text               mc_w.l(uldiv.o)
    0x0800067a   0x0800067a   0x0000001e   Code   RO         5535    .text               mc_w.l(llshl.o)
    0x08000698   0x08000698   0x00000020   Code   RO         5537    .text               mc_w.l(llushr.o)
    0x080006b8   0x080006b8   0x00000024   Code   RO         5539    .text               mc_w.l(llsshr.o)
    0x080006dc   0x080006dc   0x00000070   Code   RO         5550    .text               mc_w.l(strtol.o)
    0x0800074c   0x0800074c   0x00000000   Code   RO         5552    .text               mc_w.l(iusefp.o)
    0x0800074c   0x0800074c   0x000000ba   Code   RO         5553    .text               mf_w.l(depilogue.o)
    0x08000806   0x08000806   0x000000de   Code   RO         5555    .text               mf_w.l(ddiv.o)
    0x080008e4   0x080008e4   0x0000002e   Code   RO         5559    .text               mf_w.l(dscalb.o)
    0x08000912   0x08000912   0x00000030   Code   RO         5561    .text               mf_w.l(dfixul.o)
    0x08000942   0x08000942   0x00000002   PAD
    0x08000944   0x08000944   0x00000024   Code   RO         5563    .text               mc_w.l(init.o)
    0x08000968   0x08000968   0x00000008   Code   RO         5565    .text               mc_w.l(ctype_o.o)
    0x08000970   0x08000970   0x0000009e   Code   RO         5593    .text               mc_w.l(_strtoul.o)
    0x08000a0e   0x08000a0e   0x000000a2   Code   RO         5595    .text               mf_w.l(dsqrt.o)
    0x08000ab0   0x08000ab0   0x0000001c   Code   RO         5597    .text               mc_w.l(_chval.o)
    0x08000acc   0x08000acc   0x00000056   Code   RO         5607    .text               mc_w.l(__dczerorl2.o)
    0x08000b22   0x08000b22   0x00000004   Code   RO         4636    i.BusFault_Handler  stm32f4xx_it.o
    0x08000b26   0x08000b26   0x00000002   Code   RO         4637    i.CAN1_RX0_IRQHandler  stm32f4xx_it.o
    0x08000b28   0x08000b28   0x00000002   Code   RO         4638    i.CAN2_RX0_IRQHandler  stm32f4xx_it.o
    0x08000b2a   0x08000b2a   0x00000016   Code   RO         2845    i.DMA2D_DeInit      stm32f4xx_dma2d.o
    0x08000b40   0x08000b40   0x00000018   Code   RO         2850    i.DMA2D_GetFlagStatus  stm32f4xx_dma2d.o
    0x08000b58   0x08000b58   0x000000e4   Code   RO         2853    i.DMA2D_Init        stm32f4xx_dma2d.o
    0x08000c3c   0x08000c3c   0x00000014   Code   RO         2855    i.DMA2D_StartTransfer  stm32f4xx_dma2d.o
    0x08000c50   0x08000c50   0x00000002   Code   RO         4639    i.DMA2_Stream3_IRQHandler  stm32f4xx_it.o
    0x08000c52   0x08000c52   0x00000002   Code   RO         4640    i.DebugMon_Handler  stm32f4xx_it.o
    0x08000c54   0x08000c54   0x000000a4   Code   RO         4379    i.ESP8266_Cmd       esp_function.o
    0x08000cf8   0x08000cf8   0x00000090   Code   RO         4380    i.ESP8266_Connect_To_Server  esp_function.o
    0x08000d88   0x08000d88   0x000000a4   Code   RO         4381    i.ESP8266_Init      esp_function.o
    0x08000e2c   0x08000e2c   0x000001ac   Code   RO         4383    i.ESP8266_STA_TCP_Client  esp_function.o
    0x08000fd8   0x08000fd8   0x00000048   Code   RO         4385    i.ESP8266_TransparentSend  esp_function.o
    0x08001020   0x08001020   0x00000048   Code   RO         2656    i.FMC_GetFlagStatus  stm32f4xx_fmc.o
    0x08001068   0x08001068   0x00000020   Code   RO         2673    i.FMC_SDRAMCmdConfig  stm32f4xx_fmc.o
    0x08001088   0x08001088   0x00000144   Code   RO         2675    i.FMC_SDRAMInit     stm32f4xx_fmc.o
    0x080011cc   0x080011cc   0x00000018   Code   RO         2679    i.FMC_SetRefreshCount  stm32f4xx_fmc.o
    0x080011e4   0x080011e4   0x00000090   Code   RO          772    i.GPIO_Init         stm32f4xx_gpio.o
    0x08001274   0x08001274   0x00000046   Code   RO          773    i.GPIO_PinAFConfig  stm32f4xx_gpio.o
    0x080012ba   0x080012ba   0x00000004   Code   RO          779    i.GPIO_ResetBits    stm32f4xx_gpio.o
    0x080012be   0x080012be   0x00000004   Code   RO          780    i.GPIO_SetBits      stm32f4xx_gpio.o
    0x080012c2   0x080012c2   0x00000002   PAD
    0x080012c4   0x080012c4   0x00000084   Code   RO         4571    i.Get_Data          formatjson.o
    0x08001348   0x08001348   0x000003ec   Code   RO         4572    i.Get_Weather_7Day  formatjson.o
    0x08001734   0x08001734   0x00000004   Code   RO         4641    i.HardFault_Handler  stm32f4xx_it.o
    0x08001738   0x08001738   0x00000194   Code   RO         3941    i.LCD_AF_GPIOConfig  stm32f429i_lcd.o
    0x080018cc   0x080018cc   0x00000020   Code   RO         3942    i.LCD_Clear         stm32f429i_lcd.o
    0x080018ec   0x080018ec   0x000000e0   Code   RO         3946    i.LCD_DisplayChanese  stm32f429i_lcd.o
    0x080019cc   0x080019cc   0x00000040   Code   RO         3947    i.LCD_DisplayChar   stm32f429i_lcd.o
    0x08001a0c   0x08001a0c   0x00000018   Code   RO         3949    i.LCD_DisplayOn     stm32f429i_lcd.o
    0x08001a24   0x08001a24   0x000000dc   Code   RO         3950    i.LCD_DisplayStr    stm32f429i_lcd.o
    0x08001b00   0x08001b00   0x000000e4   Code   RO         3952    i.LCD_DrawChanese   stm32f429i_lcd.o
    0x08001be4   0x08001be4   0x00000104   Code   RO         3953    i.LCD_DrawChar      stm32f429i_lcd.o
    0x08001ce8   0x08001ce8   0x000000a4   Code   RO         3958    i.LCD_DrawFullRect  stm32f429i_lcd.o
    0x08001d8c   0x08001d8c   0x000000a4   Code   RO         3960    i.LCD_DrawLineColor  stm32f429i_lcd.o
    0x08001e30   0x08001e30   0x00000070   Code   RO         3962    i.LCD_DrawPicture   stm32f429i_lcd.o
    0x08001ea0   0x08001ea0   0x0000008a   Code   RO         3969    i.LCD_Init          stm32f429i_lcd.o
    0x08001f2a   0x08001f2a   0x00000002   PAD
    0x08001f2c   0x08001f2c   0x000000a4   Code   RO         3970    i.LCD_LayerInit     stm32f429i_lcd.o
    0x08001fd0   0x08001fd0   0x0000000c   Code   RO         3981    i.LCD_SetFont       stm32f429i_lcd.o
    0x08001fdc   0x08001fdc   0x0000002c   Code   RO         3982    i.LCD_SetLayer      stm32f429i_lcd.o
    0x08002008   0x08002008   0x0000000c   Code   RO         3983    i.LCD_SetTextColor  stm32f429i_lcd.o
    0x08002014   0x08002014   0x0000004c   Code   RO         3801    i.LED_Init          gpio.o
    0x08002060   0x08002060   0x00000024   Code   RO         2976    i.LTDC_Cmd          stm32f4xx_ltdc.o
    0x08002084   0x08002084   0x00000024   Code   RO         2980    i.LTDC_DitherCmd    stm32f4xx_ltdc.o
    0x080020a8   0x080020a8   0x00000188   Code   RO         2987    i.LTDC_Init         stm32f4xx_ltdc.o
    0x08002230   0x08002230   0x00000016   Code   RO         2991    i.LTDC_LayerCmd     stm32f4xx_ltdc.o
    0x08002246   0x08002246   0x00000114   Code   RO         2992    i.LTDC_LayerInit    stm32f4xx_ltdc.o
    0x0800235a   0x0800235a   0x00000002   PAD
    0x0800235c   0x0800235c   0x0000000c   Code   RO         2999    i.LTDC_ReloadConfig  stm32f4xx_ltdc.o
    0x08002368   0x08002368   0x00000004   Code   RO         4642    i.MemManage_Handler  stm32f4xx_it.o
    0x0800236c   0x0800236c   0x00000002   Code   RO         4643    i.NMI_Handler       stm32f4xx_it.o
    0x0800236e   0x0800236e   0x00000002   PAD
    0x08002370   0x08002370   0x00000078   Code   RO          161    i.NVIC_Init         misc.o
    0x080023e8   0x080023e8   0x00000014   Code   RO          162    i.NVIC_PriorityGroupConfig  misc.o
    0x080023fc   0x080023fc   0x00000018   Code   RO         3990    i.PutPixelColor     stm32f429i_lcd.o
    0x08002414   0x08002414   0x00000020   Code   RO          999    i.RCC_AHB1PeriphClockCmd  stm32f4xx_rcc.o
    0x08002434   0x08002434   0x00000020   Code   RO         1001    i.RCC_AHB1PeriphResetCmd  stm32f4xx_rcc.o
    0x08002454   0x08002454   0x00000020   Code   RO         1005    i.RCC_AHB3PeriphClockCmd  stm32f4xx_rcc.o
    0x08002474   0x08002474   0x00000020   Code   RO         1011    i.RCC_APB2PeriphClockCmd  stm32f4xx_rcc.o
    0x08002494   0x08002494   0x000000e8   Code   RO         1020    i.RCC_GetClocksFreq  stm32f4xx_rcc.o
    0x0800257c   0x0800257c   0x00000040   Code   RO         1021    i.RCC_GetFlagStatus  stm32f4xx_rcc.o
    0x080025bc   0x080025bc   0x00000018   Code   RO         1032    i.RCC_LTDCCLKDivConfig  stm32f4xx_rcc.o
    0x080025d4   0x080025d4   0x0000000c   Code   RO         1041    i.RCC_PLLSAICmd     stm32f4xx_rcc.o
    0x080025e0   0x080025e0   0x00000018   Code   RO         1042    i.RCC_PLLSAIConfig  stm32f4xx_rcc.o
    0x080025f8   0x080025f8   0x00000002   Code   RO         4644    i.SDIO_IRQHandler   stm32f4xx_it.o
    0x080025fa   0x080025fa   0x00000002   PAD
    0x080025fc   0x080025fc   0x00000210   Code   RO         4297    i.SDRAM_GPIOConfig  stm32f429i_sdram.o
    0x0800280c   0x0800280c   0x00000066   Code   RO         4298    i.SDRAM_Init        stm32f429i_sdram.o
    0x08002872   0x08002872   0x000000c6   Code   RO         4299    i.SDRAM_InitSequence  stm32f429i_sdram.o
    0x08002938   0x08002938   0x00000120   Code   RO            4    i.SetSysClock       system_stm32f4xx.o
    0x08002a58   0x08002a58   0x000000b8   Code   RO         4477    i.SwitchToGbk       utf8togbk.o
    0x08002b10   0x08002b10   0x00000054   Code   RO         3755    i.SysTick_Config    delay.o
    0x08002b64   0x08002b64   0x00000018   Code   RO         4645    i.SysTick_Handler   stm32f4xx_it.o
    0x08002b7c   0x08002b7c   0x00000068   Code   RO            6    i.SystemInit        system_stm32f4xx.o
    0x08002be4   0x08002be4   0x000000a8   Code   RO         3839    i.USART1_Init       usart.o
    0x08002c8c   0x08002c8c   0x0000003c   Code   RO         3842    i.USART1_Send_Data  usart.o
    0x08002cc8   0x08002cc8   0x00000002   Code   RO         4646    i.USART3_IRQHandler  stm32f4xx_it.o
    0x08002cca   0x08002cca   0x00000002   PAD
    0x08002ccc   0x08002ccc   0x00000060   Code   RO         4647    i.USART6_IRQHandler  stm32f4xx_it.o
    0x08002d2c   0x08002d2c   0x000000d0   Code   RO         3843    i.USART6_Init       usart.o
    0x08002dfc   0x08002dfc   0x00000028   Code   RO         3844    i.USART6_SendChar   usart.o
    0x08002e24   0x08002e24   0x00000016   Code   RO         3845    i.USART6_SendString  usart.o
    0x08002e3a   0x08002e3a   0x00000106   Code   RO         3847    i.USART6_printf     usart.o
    0x08002f40   0x08002f40   0x00000012   Code   RO         1963    i.USART_ClearFlag   stm32f4xx_usart.o
    0x08002f52   0x08002f52   0x00000018   Code   RO         1967    i.USART_Cmd         stm32f4xx_usart.o
    0x08002f6a   0x08002f6a   0x0000001a   Code   RO         1970    i.USART_GetFlagStatus  stm32f4xx_usart.o
    0x08002f84   0x08002f84   0x00000054   Code   RO         1971    i.USART_GetITStatus  stm32f4xx_usart.o
    0x08002fd8   0x08002fd8   0x0000004a   Code   RO         1973    i.USART_ITConfig    stm32f4xx_usart.o
    0x08003022   0x08003022   0x00000002   PAD
    0x08003024   0x08003024   0x000000d4   Code   RO         1974    i.USART_Init        stm32f4xx_usart.o
    0x080030f8   0x080030f8   0x0000000a   Code   RO         1981    i.USART_ReceiveData  stm32f4xx_usart.o
    0x08003102   0x08003102   0x00000008   Code   RO         1984    i.USART_SendData    stm32f4xx_usart.o
    0x0800310a   0x0800310a   0x00000004   Code   RO         4648    i.UsageFault_Handler  stm32f4xx_it.o
    0x0800310e   0x0800310e   0x00000002   PAD
    0x08003110   0x08003110   0x00000184   Code   RO         4575    i.Weather_UI_Init   formatjson.o
    0x08003294   0x08003294   0x0000010c   Code   RO         4576    i.Weather_Updata_Icon  formatjson.o
    0x080033a0   0x080033a0   0x00000020   Code   RO         5411    i.__0printf         mc_w.l(printfa.o)
    0x080033c0   0x080033c0   0x00000028   Code   RO         5413    i.__0sprintf        mc_w.l(printfa.o)
    0x080033e8   0x080033e8   0x00000030   Code   RO         5499    i.__ARM_fpclassify  m_wm.l(fpclassify.o)
    0x08003418   0x08003418   0x00000008   Code   RO         5543    i.__aeabi_errno_addr  mc_w.l(errno.o)
    0x08003420   0x08003420   0x00000014   Code   RO         5131    i.__hardfp_fabs     m_wm.l(fabs.o)
    0x08003434   0x08003434   0x00000004   PAD
    0x08003438   0x08003438   0x00000118   Code   RO         5137    i.__hardfp_floor    m_wm.l(floor.o)
    0x08003550   0x08003550   0x00000c50   Code   RO         5143    i.__hardfp_pow      m_wm.l(pow.o)
    0x080041a0   0x080041a0   0x000000f8   Code   RO         5501    i.__kernel_poly     m_wm.l(poly.o)
    0x08004298   0x08004298   0x00000030   Code   RO         5485    i.__mathlib_dbl_divzero  m_wm.l(dunder.o)
    0x080042c8   0x080042c8   0x00000014   Code   RO         5487    i.__mathlib_dbl_infnan2  m_wm.l(dunder.o)
    0x080042dc   0x080042dc   0x00000004   PAD
    0x080042e0   0x080042e0   0x00000020   Code   RO         5488    i.__mathlib_dbl_invalid  m_wm.l(dunder.o)
    0x08004300   0x08004300   0x00000020   Code   RO         5489    i.__mathlib_dbl_overflow  m_wm.l(dunder.o)
    0x08004320   0x08004320   0x00000020   Code   RO         5491    i.__mathlib_dbl_underflow  m_wm.l(dunder.o)
    0x08004340   0x08004340   0x0000000e   Code   RO         5601    i.__scatterload_copy  mc_w.l(handlers.o)
    0x0800434e   0x0800434e   0x00000002   Code   RO         5602    i.__scatterload_null  mc_w.l(handlers.o)
    0x08004350   0x08004350   0x0000000e   Code   RO         5603    i.__scatterload_zeroinit  mc_w.l(handlers.o)
    0x0800435e   0x0800435e   0x00000002   PAD
    0x08004360   0x08004360   0x0000000c   Code   RO         5545    i.__set_errno       mc_w.l(errno.o)
    0x0800436c   0x0800436c   0x00000184   Code   RO         5418    i._fp_digits        mc_w.l(printfa.o)
    0x080044f0   0x080044f0   0x000006dc   Code   RO         5419    i._printf_core      mc_w.l(printfa.o)
    0x08004bcc   0x08004bcc   0x00000024   Code   RO         5420    i._printf_post_padding  mc_w.l(printfa.o)
    0x08004bf0   0x08004bf0   0x0000002e   Code   RO         5421    i._printf_pre_padding  mc_w.l(printfa.o)
    0x08004c1e   0x08004c1e   0x0000000a   Code   RO         5423    i._sputc            mc_w.l(printfa.o)
    0x08004c28   0x08004c28   0x00000058   Code   RO         4785    i.cJSON_Delete      cjson.o
    0x08004c80   0x08004c80   0x00000012   Code   RO         4791    i.cJSON_GetArrayItem  cjson.o
    0x08004c92   0x08004c92   0x00000012   Code   RO         4792    i.cJSON_GetArraySize  cjson.o
    0x08004ca4   0x08004ca4   0x0000001e   Code   RO         4794    i.cJSON_GetObjectItem  cjson.o
    0x08004cc2   0x08004cc2   0x00000002   PAD
    0x08004cc4   0x08004cc4   0x00000020   Code   RO         4798    i.cJSON_New_Item    cjson.o
    0x08004ce4   0x08004ce4   0x00000010   Code   RO         4799    i.cJSON_Parse       cjson.o
    0x08004cf4   0x08004cf4   0x00000064   Code   RO         4800    i.cJSON_ParseWithOpts  cjson.o
    0x08004d58   0x08004d58   0x00000012   Code   RO         4801    i.cJSON_Print       cjson.o
    0x08004d6a   0x08004d6a   0x0000004c   Code   RO         4806    i.cJSON_strcasecmp  cjson.o
    0x08004db6   0x08004db6   0x00000002   PAD
    0x08004db8   0x08004db8   0x0000002c   Code   RO         4807    i.cJSON_strdup      cjson.o
    0x08004de4   0x08004de4   0x00000024   Code   RO         4302    i.delay             stm32f429i_sdram.o
    0x08004e08   0x08004e08   0x00000024   Code   RO         4387    i.delay             esp_function.o
    0x08004e2c   0x08004e2c   0x00000028   Code   RO         3756    i.delay_ms          delay.o
    0x08004e54   0x08004e54   0x00000070   Code   RO         4809    i.ensure            cjson.o
    0x08004ec4   0x08004ec4   0x00000018   Code   RO         5133    i.fabs              m_wm.l(fabs.o)
    0x08004edc   0x08004edc   0x00000024   Code   RO         3848    i.fputc             usart.o
    0x08004f00   0x08004f00   0x00000050   Code   RO         5439    i.free              mc_w.l(malloc.o)
    0x08004f50   0x08004f50   0x00000062   Code   RO         3849    i.itoa              usart.o
    0x08004fb2   0x08004fb2   0x00000002   PAD
    0x08004fb4   0x08004fb4   0x000001c8   Code   RO         4505    i.main              main.o
    0x0800517c   0x0800517c   0x0000006c   Code   RO         5440    i.malloc            mc_w.l(malloc.o)
    0x080051e8   0x080051e8   0x000000ac   Code   RO         4810    i.parse_array       cjson.o
    0x08005294   0x08005294   0x00000114   Code   RO         4811    i.parse_hex4        cjson.o
    0x080053a8   0x080053a8   0x000001c8   Code   RO         4812    i.parse_number      cjson.o
    0x08005570   0x08005570   0x00000114   Code   RO         4813    i.parse_object      cjson.o
    0x08005684   0x08005684   0x000001cc   Code   RO         4814    i.parse_string      cjson.o
    0x08005850   0x08005850   0x000000bc   Code   RO         4815    i.parse_value       cjson.o
    0x0800590c   0x0800590c   0x0000001c   Code   RO         4816    i.pow2gt            cjson.o
    0x08005928   0x08005928   0x00000250   Code   RO         4817    i.print_array       cjson.o
    0x08005b78   0x08005b78   0x00000234   Code   RO         4818    i.print_number      cjson.o
    0x08005dac   0x08005dac   0x00000418   Code   RO         4819    i.print_object      cjson.o
    0x080061c4   0x080061c4   0x00000010   Code   RO         4820    i.print_string      cjson.o
    0x080061d4   0x080061d4   0x000001d4   Code   RO         4821    i.print_string_ptr  cjson.o
    0x080063a8   0x080063a8   0x00000130   Code   RO         4822    i.print_value       cjson.o
    0x080064d8   0x080064d8   0x00000012   Code   RO         4823    i.skip              cjson.o
    0x080064ea   0x080064ea   0x0000006e   Code   RO         5506    i.sqrt              m_wm.l(sqrt.o)
    0x08006558   0x08006558   0x00000020   Code   RO         4825    i.update            cjson.o
    0x08006578   0x08006578   0x00004110   Data   RO         3993    .constdata          stm32f429i_lcd.o
    0x0800a688   0x0800a688   0x00000250   Data   RO         4347    .constdata          fonts_hz24.o
    0x0800a8d8   0x0800a8d8   0x00000550   Data   RO         4361    .constdata          fonts_hz16.o
    0x0800ae28   0x0800ae28   0x0000a34c   Data   RO         4478    .constdata          utf8togbk.o
    0x08015174   0x08015174   0x000002c0   Data   RO         4733    .constdata          wifi_full.o
    0x08015434   0x08015434   0x00004e20   Data   RO         4740    .constdata          overcast.o
    0x0801a254   0x0801a254   0x00004e20   Data   RO         4747    .constdata          sun.o
    0x0801f074   0x0801f074   0x00004e20   Data   RO         4754    .constdata          unknown.o
    0x08023e94   0x08023e94   0x00004e20   Data   RO         4761    .constdata          cloudy.o
    0x08028cb4   0x08028cb4   0x00000007   Data   RO         4826    .constdata          cjson.o
    0x08028cbb   0x08028cbb   0x00000005   PAD
    0x08028cc0   0x08028cc0   0x00000088   Data   RO         5146    .constdata          m_wm.l(pow.o)
    0x08028d48   0x08028d48   0x00000008   Data   RO         5503    .constdata          m_wm.l(qnan.o)
    0x08028d50   0x08028d50   0x00000081   Data   RO         5566    .constdata          mc_w.l(ctype_o.o)
    0x08028dd1   0x08028dd1   0x00000003   PAD
    0x08028dd4   0x08028dd4   0x00000004   Data   RO         5567    .constdata          mc_w.l(ctype_o.o)
    0x08028dd8   0x08028dd8   0x00000020   Data   RO         5599    Region$$Table       anon$$obj.o


    Execution Region RW_IRAM1 (Exec base: 0x20000000, Load base: 0x08028df8, Size: 0x00002d80, Max: 0x00030000, ABSOLUTE, COMPRESSED[0x000000e8])

    Exec Addr    Load Addr    Size         Type   Attr      Idx    E Section Name        Object

    0x20000000   COMPRESSED   0x00000010   Data   RW         1052    .data               stm32f4xx_rcc.o
    0x20000010   COMPRESSED   0x00000002   Data   RW         3758    .data               delay.o
    0x20000012   COMPRESSED   0x00000004   Data   RW         3851    .data               usart.o
    0x20000016   COMPRESSED   0x00000002   PAD
    0x20000018   COMPRESSED   0x00000050   Data   RW         3994    .data               stm32f429i_lcd.o
    0x20000068   COMPRESSED   0x00000008   Data   RW         4348    .data               fonts_hz24.o
    0x20000070   COMPRESSED   0x00000008   Data   RW         4362    .data               fonts_hz16.o
    0x20000078   COMPRESSED   0x000000e9   Data   RW         4577    .data               formatjson.o
    0x20000161   COMPRESSED   0x00000003   PAD
    0x20000164   COMPRESSED   0x0000000c   Data   RW         4827    .data               cjson.o
    0x20000170   COMPRESSED   0x00000004   Data   RW         5530    .data               mc_w.l(stdout.o)
    0x20000174   COMPRESSED   0x00000004   Data   RW         5541    .data               mc_w.l(mvars.o)
    0x20000178   COMPRESSED   0x00000004   Data   RW         5542    .data               mc_w.l(mvars.o)
    0x2000017c   COMPRESSED   0x00000004   Data   RW         5546    .data               mc_w.l(errno.o)
    0x20000180        -       0x00000800   Zero   RW         3850    .bss                usart.o
    0x20000980        -       0x00001200   Zero   RW          152    HEAP                startup_stm32f429_439xx.o
    0x20001b80        -       0x00001200   Zero   RW          151    STACK               startup_stm32f429_439xx.o


==============================================================================

Image component sizes


      Code (inc. data)   RO Data    RW Data    ZI Data      Debug   Object Name

      5450        292          7         12          0      24337   cjson.o
         0          0      20000          0          0        432   cloudy.o
       124         18          0          2          0      28101   delay.o
      1008        420          0          0          0       6012   esp_function.o
         0          0       1360          8          0       1411   fonts_hz16.o
         0          0        592          8          0       1411   fonts_hz24.o
      1792        348          0        233          0       4314   formatjson.o
        76          4          0          0          0        535   gpio.o
       456        240          0          0          0       5678   main.o
       140         24          0          0          0       1783   misc.o
         0          0      20000          0          0        438   overcast.o
        36          8        428          0       9216        820   startup_stm32f429_439xx.o
      2290        152      16656         80          0      17430   stm32f429i_lcd.o
       864         28          0          0          0       3069   stm32f429i_sdram.o
       294         20          0          0          0       3204   stm32f4xx_dma2d.o
       452         20          0          0          0      18043   stm32f4xx_fmc.o
       222          0          0          0          0       3263   stm32f4xx_gpio.o
       150         18          0          0          0       6479   stm32f4xx_it.o
       774         32          0          0          0       4665   stm32f4xx_ltdc.o
       484         64          0         16          0       8410   stm32f4xx_rcc.o
       456          8          0          0          0       6723   stm32f4xx_usart.o
         0          0      20000          0          0        417   sun.o
       392         32          0          0          0     288941   system_stm32f4xx.o
         0          0      20000          0          0        433   unknown.o
       894         36          0          4       2048       7967   usart.o
       184          4      41804          0          0       1692   utf8togbk.o
         0          0        704          0          0        439   wifi_full.o

    ----------------------------------------------------------------------
     16560       1768     141588        368      11264     446447   Object Totals
         0          0         32          0          0          0   (incl. Generated)
        22          0          5          5          0          0   (incl. Padding)

    ----------------------------------------------------------------------

      Code (inc. data)   RO Data    RW Data    ZI Data      Debug   Library Member Name

       164         44          0          0          0        620   dunder.o
        44          0          0          0          0        248   fabs.o
       280         28          0          0          0        156   floor.o
        48          0          0          0          0        124   fpclassify.o
       248          0          0          0          0        152   poly.o
      3152        296        136          0          0        352   pow.o
         0          0          8          0          0          0   qnan.o
       110          0          0          0          0        148   sqrt.o
        86          0          0          0          0          0   __dczerorl2.o
        28          0          0          0          0         68   _chval.o
       158          0          0          0          0         92   _strtoul.o
        26          0          0          0          0         80   atoi.o
         8          4        133          0          0         68   ctype_o.o
         0          0          0          0          0          0   entry.o
         0          0          0          0          0          0   entry10a.o
         0          0          0          0          0          0   entry11a.o
         8          4          0          0          0          0   entry2.o
         4          0          0          0          0          0   entry5.o
         0          0          0          0          0          0   entry7b.o
         0          0          0          0          0          0   entry8b.o
         8          4          0          0          0          0   entry9a.o
        20         10          0          4          0        136   errno.o
        30          0          0          0          0          0   handlers.o
        36          8          0          0          0         68   init.o
         0          0          0          0          0          0   iusefp.o
        30          0          0          0          0         68   llshl.o
        36          0          0          0          0         68   llsshr.o
        32          0          0          0          0         68   llushr.o
       188         20          0          0          0        160   malloc.o
        36          0          0          0          0         68   memcpya.o
        36          0          0          0          0        108   memseta.o
         0          0          0          8          0          0   mvars.o
      2308         96          0          0          0        604   printfa.o
         0          0          0          4          0          0   stdout.o
        20          0          0          0          0         68   strchr.o
        18          0          0          0          0         68   strcpy.o
        14          0          0          0          0         68   strlen.o
        30          0          0          0          0         80   strncmp.o
        36          0          0          0          0         80   strstr.o
       112          0          0          0          0         88   strtol.o
        12          0          0          0          0         68   tolower.o
        44          0          0          0          0         80   uidiv.o
        98          0          0          0          0         92   uldiv.o
        48          0          0          0          0         68   cdcmple.o
        48          0          0          0          0         68   cdrcmple.o
       334          0          0          0          0        148   dadd.o
       222          0          0          0          0        100   ddiv.o
       186          0          0          0          0        176   depilogue.o
        62          0          0          0          0         80   dfixi.o
        50          0          0          0          0         76   dfixui.o
        48          0          0          0          0         68   dfixul.o
        34          0          0          0          0         76   dflti.o
       228          0          0          0          0         96   dmul.o
        46          0          0          0          0         80   dscalb.o
       162          0          0          0          0        100   dsqrt.o

    ----------------------------------------------------------------------
      8988        514        280         16          0       5284   Library Totals
        12          0          3          0          0          0   (incl. Padding)

    ----------------------------------------------------------------------

      Code (inc. data)   RO Data    RW Data    ZI Data      Debug   Library Name

      4046        368        144          0          0       1800   m_wm.l
      3462        146        133         16          0       2348   mc_w.l
      1468          0          0          0          0       1136   mf_w.l

    ----------------------------------------------------------------------
      8988        514        280         16          0       5284   Library Totals

    ----------------------------------------------------------------------

==============================================================================


      Code (inc. data)   RO Data    RW Data    ZI Data      Debug   

     25548       2282     141868        384      11264     437191   Grand Totals
     25548       2282     141868        232      11264     437191   ELF Image Totals (compressed)
     25548       2282     141868        232          0          0   ROM Totals

==============================================================================

    Total RO  Size (Code + RO Data)               167416 ( 163.49kB)
    Total RW  Size (RW Data + ZI Data)             11648 (  11.38kB)
    Total ROM Size (Code + RO Data + RW Data)     167648 ( 163.72kB)

==============================================================================

